Archive member included to satisfy reference by file (symbol)

C:/ST/STM32CubeIDE_1.15.1/STM32CubeIDE/plugins/com.st.stm32cube.ide.mcu.externaltools.gnu-tools-for-stm32.12.3.rel1.win32_1.0.100.202403111256/tools/bin/../lib/gcc/arm-none-eabi/12.3.1/../../../../arm-none-eabi/lib/thumb/v7e-m+fp/hard\libc_nano.a(libc_a-exit.o)
                              C:/ST/STM32CubeIDE_1.15.1/STM32CubeIDE/plugins/com.st.stm32cube.ide.mcu.externaltools.gnu-tools-for-stm32.12.3.rel1.win32_1.0.100.202403111256/tools/bin/../lib/gcc/arm-none-eabi/12.3.1/../../../../arm-none-eabi/lib/thumb/v7e-m+fp/hard/crt0.o (exit)
C:/ST/STM32CubeIDE_1.15.1/STM32CubeIDE/plugins/com.st.stm32cube.ide.mcu.externaltools.gnu-tools-for-stm32.12.3.rel1.win32_1.0.100.202403111256/tools/bin/../lib/gcc/arm-none-eabi/12.3.1/../../../../arm-none-eabi/lib/thumb/v7e-m+fp/hard\libc_nano.a(libc_a-findfp.o)
                              C:/ST/STM32CubeIDE_1.15.1/STM32CubeIDE/plugins/com.st.stm32cube.ide.mcu.externaltools.gnu-tools-for-stm32.12.3.rel1.win32_1.0.100.202403111256/tools/bin/../lib/gcc/arm-none-eabi/12.3.1/../../../../arm-none-eabi/lib/thumb/v7e-m+fp/hard\libc_nano.a(libc_a-exit.o) (__stdio_exit_handler)
C:/ST/STM32CubeIDE_1.15.1/STM32CubeIDE/plugins/com.st.stm32cube.ide.mcu.externaltools.gnu-tools-for-stm32.12.3.rel1.win32_1.0.100.202403111256/tools/bin/../lib/gcc/arm-none-eabi/12.3.1/../../../../arm-none-eabi/lib/thumb/v7e-m+fp/hard\libc_nano.a(libc_a-fwalk.o)
                              C:/ST/STM32CubeIDE_1.15.1/STM32CubeIDE/plugins/com.st.stm32cube.ide.mcu.externaltools.gnu-tools-for-stm32.12.3.rel1.win32_1.0.100.202403111256/tools/bin/../lib/gcc/arm-none-eabi/12.3.1/../../../../arm-none-eabi/lib/thumb/v7e-m+fp/hard\libc_nano.a(libc_a-findfp.o) (_fwalk_sglue)
C:/ST/STM32CubeIDE_1.15.1/STM32CubeIDE/plugins/com.st.stm32cube.ide.mcu.externaltools.gnu-tools-for-stm32.12.3.rel1.win32_1.0.100.202403111256/tools/bin/../lib/gcc/arm-none-eabi/12.3.1/../../../../arm-none-eabi/lib/thumb/v7e-m+fp/hard\libc_nano.a(libc_a-sprintf.o)
                              ./Core/Src/keys.o (sprintf)
C:/ST/STM32CubeIDE_1.15.1/STM32CubeIDE/plugins/com.st.stm32cube.ide.mcu.externaltools.gnu-tools-for-stm32.12.3.rel1.win32_1.0.100.202403111256/tools/bin/../lib/gcc/arm-none-eabi/12.3.1/../../../../arm-none-eabi/lib/thumb/v7e-m+fp/hard\libc_nano.a(libc_a-stdio.o)
                              C:/ST/STM32CubeIDE_1.15.1/STM32CubeIDE/plugins/com.st.stm32cube.ide.mcu.externaltools.gnu-tools-for-stm32.12.3.rel1.win32_1.0.100.202403111256/tools/bin/../lib/gcc/arm-none-eabi/12.3.1/../../../../arm-none-eabi/lib/thumb/v7e-m+fp/hard\libc_nano.a(libc_a-findfp.o) (__sread)
C:/ST/STM32CubeIDE_1.15.1/STM32CubeIDE/plugins/com.st.stm32cube.ide.mcu.externaltools.gnu-tools-for-stm32.12.3.rel1.win32_1.0.100.202403111256/tools/bin/../lib/gcc/arm-none-eabi/12.3.1/../../../../arm-none-eabi/lib/thumb/v7e-m+fp/hard\libc_nano.a(libc_a-memset.o)
                              C:/ST/STM32CubeIDE_1.15.1/STM32CubeIDE/plugins/com.st.stm32cube.ide.mcu.externaltools.gnu-tools-for-stm32.12.3.rel1.win32_1.0.100.202403111256/tools/bin/../lib/gcc/arm-none-eabi/12.3.1/../../../../arm-none-eabi/lib/thumb/v7e-m+fp/hard/crt0.o (memset)
C:/ST/STM32CubeIDE_1.15.1/STM32CubeIDE/plugins/com.st.stm32cube.ide.mcu.externaltools.gnu-tools-for-stm32.12.3.rel1.win32_1.0.100.202403111256/tools/bin/../lib/gcc/arm-none-eabi/12.3.1/../../../../arm-none-eabi/lib/thumb/v7e-m+fp/hard\libc_nano.a(libc_a-closer.o)
                              C:/ST/STM32CubeIDE_1.15.1/STM32CubeIDE/plugins/com.st.stm32cube.ide.mcu.externaltools.gnu-tools-for-stm32.12.3.rel1.win32_1.0.100.202403111256/tools/bin/../lib/gcc/arm-none-eabi/12.3.1/../../../../arm-none-eabi/lib/thumb/v7e-m+fp/hard\libc_nano.a(libc_a-stdio.o) (_close_r)
C:/ST/STM32CubeIDE_1.15.1/STM32CubeIDE/plugins/com.st.stm32cube.ide.mcu.externaltools.gnu-tools-for-stm32.12.3.rel1.win32_1.0.100.202403111256/tools/bin/../lib/gcc/arm-none-eabi/12.3.1/../../../../arm-none-eabi/lib/thumb/v7e-m+fp/hard\libc_nano.a(libc_a-reent.o)
                              C:/ST/STM32CubeIDE_1.15.1/STM32CubeIDE/plugins/com.st.stm32cube.ide.mcu.externaltools.gnu-tools-for-stm32.12.3.rel1.win32_1.0.100.202403111256/tools/bin/../lib/gcc/arm-none-eabi/12.3.1/../../../../arm-none-eabi/lib/thumb/v7e-m+fp/hard\libc_nano.a(libc_a-closer.o) (errno)
C:/ST/STM32CubeIDE_1.15.1/STM32CubeIDE/plugins/com.st.stm32cube.ide.mcu.externaltools.gnu-tools-for-stm32.12.3.rel1.win32_1.0.100.202403111256/tools/bin/../lib/gcc/arm-none-eabi/12.3.1/../../../../arm-none-eabi/lib/thumb/v7e-m+fp/hard\libc_nano.a(libc_a-impure.o)
                              C:/ST/STM32CubeIDE_1.15.1/STM32CubeIDE/plugins/com.st.stm32cube.ide.mcu.externaltools.gnu-tools-for-stm32.12.3.rel1.win32_1.0.100.202403111256/tools/bin/../lib/gcc/arm-none-eabi/12.3.1/../../../../arm-none-eabi/lib/thumb/v7e-m+fp/hard\libc_nano.a(libc_a-sprintf.o) (_impure_ptr)
[...]
Memory Configuration

Name             Origin             Length             Attributes
RAM              0x20000000         0x00020000         xrw
FLASH            0x08000000         0x00080000         xr
*default*        0x00000000         0xffffffff

Linker script and memory map

LOAD C:/ST/STM32CubeIDE_1.15.1/STM32CubeIDE/plugins/com.st.stm32cube.ide.mcu.externaltools.gnu-tools-for-stm32.12.3.rel1.win32_1.0.100.202403111256/tools/bin/../lib/gcc/arm-none-eabi/12.3.1/thumb/v7e-m+fp/hard/crti.o
LOAD C:/ST/STM32CubeIDE_1.15.1/STM32CubeIDE/plugins/com.st.stm32cube.ide.mcu.externaltools.gnu-tools-for-stm32.12.3.rel1.win32_1.0.100.202403111256/tools/bin/../lib/gcc/arm-none-eabi/12.3.1/thumb/v7e-m+fp/hard/crtbegin.o
LOAD C:/ST/STM32CubeIDE_1.15.1/STM32CubeIDE/plugins/com.st.stm32cube.ide.mcu.externaltools.gnu-tools-for-stm32.12.3.rel1.win32_1.0.100.202403111256/tools/bin/../lib/gcc/arm-none-eabi/12.3.1/../../../../arm-none-eabi/lib/thumb/v7e-m+fp/hard/crt0.o
LOAD ./Core/Src/app.o
LOAD ./Core/Src/fatfs_sd.o
LOAD ./Core/Src/i2c-lcd.o
LOAD ./Core/Src/keys.o
LOAD ./Core/Src/main.o
LOAD ./Core/Src/rtc.o
LOAD ./Core/Src/sdcard.o
LOAD ./Core/Src/stm32f4xx_hal_msp.o
LOAD ./Core/Src/stm32f4xx_it.o
LOAD ./Core/Src/syscalls.o
LOAD ./Core/Src/sysmem.o
LOAD ./Core/Src/system_stm32f4xx.o
LOAD ./Core/Startup/startup_stm32f411ceux.o
LOAD ./Drivers/STM32F4xx_HAL_Driver/Src/stm32f4xx_hal.o
LOAD ./Drivers/STM32F4xx_HAL_Driver/Src/stm32f4xx_hal_cortex.o
LOAD ./Drivers/STM32F4xx_HAL_Driver/Src/stm32f4xx_hal_dma.o
LOAD ./Drivers/STM32F4xx_HAL_Driver/Src/stm32f4xx_hal_dma_ex.o
LOAD ./Drivers/STM32F4xx_HAL_Driver/Src/stm32f4xx_hal_exti.o
LOAD ./Drivers/STM32F4xx_HAL_Driver/Src/stm32f4xx_hal_flash.o
LOAD ./Drivers/STM32F4xx_HAL_Driver/Src/stm32f4xx_hal_flash_ex.o
LOAD ./Drivers/STM32F4xx_HAL_Driver/Src/stm32f4xx_hal_flash_ramfunc.o
LOAD ./Drivers/STM32F4xx_HAL_Driver/Src/stm32f4xx_hal_gpio.o
LOAD ./Drivers/STM32F4xx_HAL_Driver/Src/stm32f4xx_hal_i2c.o
LOAD ./Drivers/STM32F4xx_HAL_Driver/Src/stm32f4xx_hal_i2c_ex.o
LOAD ./Drivers/STM32F4xx_HAL_Driver/Src/stm32f4xx_hal_iwdg.o
LOAD ./Drivers/STM32F4xx_HAL_Driver/Src/stm32f4xx_hal_pwr.o
LOAD ./Drivers/STM32F4xx_HAL_Driver/Src/stm32f4xx_hal_pwr_ex.o
LOAD ./Drivers/STM32F4xx_HAL_Driver/Src/stm32f4xx_hal_rcc.o
LOAD ./Drivers/STM32F4xx_HAL_Driver/Src/stm32f4xx_hal_rcc_ex.o
LOAD ./Drivers/STM32F4xx_HAL_Driver/Src/stm32f4xx_hal_rtc.o
LOAD ./Drivers/STM32F4xx_HAL_Driver/Src/stm32f4xx_hal_rtc_ex.o
LOAD ./Drivers/STM32F4xx_HAL_Driver/Src/stm32f4xx_hal_spi.o
LOAD ./Drivers/STM32F4xx_HAL_Driver/Src/stm32f4xx_hal_tim.o
LOAD ./Drivers/STM32F4xx_HAL_Driver/Src/stm32f4xx_hal_tim_ex.o
LOAD ./Drivers/STM32F4xx_HAL_Driver/Src/stm32f4xx_hal_uart.o
LOAD ./FATFS/App/fatfs.o
LOAD ./FATFS/Target/user_diskio.o
LOAD ./Middlewares/Third_Party/FatFs/src/diskio.o
LOAD ./Middlewares/Third_Party/FatFs/src/ff.o
LOAD ./Middlewares/Third_Party/FatFs/src/ff_gen_drv.o
LOAD ./Middlewares/Third_Party/FatFs/src/option/ccsbcs.o
LOAD ./Middlewares/Third_Party/FatFs/src/option/syscall.o
START GROUP
LOAD C:/ST/STM32CubeIDE_1.15.1/STM32CubeIDE/plugins/com.st.stm32cube.ide.mcu.externaltools.gnu-tools-for-stm32.12.3.rel1.win32_1.0.100.202403111256/tools/bin/../lib/gcc/arm-none-eabi/12.3.1/../../../../arm-none-eabi/lib/thumb/v7e-m+fp/hard\libc_nano.a
LOAD C:/ST/STM32CubeIDE_1.15.1/STM32CubeIDE/plugins/com.st.stm32cube.ide.mcu.externaltools.gnu-tools-for-stm32.12.3.rel1.win32_1.0.100.202403111256/tools/bin/../lib/gcc/arm-none-eabi/12.3.1/../../../../arm-none-eabi/lib/thumb/v7e-m+fp/hard\libm.a
END GROUP
START GROUP
LOAD C:/ST/STM32CubeIDE_1.15.1/STM32CubeIDE/plugins/com.st.stm32cube.ide.mcu.externaltools.gnu-tools-for-stm32.12.3.rel1.win32_1.0.100.202403111256/tools/bin/../lib/gcc/arm-none-eabi/12.3.1/thumb/v7e-m+fp/hard\libgcc.a
LOAD C:/ST/STM32CubeIDE_1.15.1/STM32CubeIDE/plugins/com.st.stm32cube.ide.mcu.externaltools.gnu-tools-for-stm32.12.3.rel1.win32_1.0.100.202403111256/tools/bin/../lib/gcc/arm-none-eabi/12.3.1/../../../../arm-none-eabi/lib/thumb/v7e-m+fp/hard\libc_nano.a
END GROUP
START GROUP
LOAD C:/ST/STM32CubeIDE_1.15.1/STM32CubeIDE/plugins/com.st.stm32cube.ide.mcu.externaltools.gnu-tools-for-stm32.12.3.rel1.win32_1.0.100.202403111256/tools/bin/../lib/gcc/arm-none-eabi/12.3.1/thumb/v7e-m+fp/hard\libgcc.a
LOAD C:/ST/STM32CubeIDE_1.15.1/STM32CubeIDE/plugins/com.st.stm32cube.ide.mcu.externaltools.gnu-tools-for-stm32.12.3.rel1.win32_1.0.100.202403111256/tools/bin/../lib/gcc/arm-none-eabi/12.3.1/../../../../arm-none-eabi/lib/thumb/v7e-m+fp/hard\libc_nano.a
LOAD C:/ST/STM32CubeIDE_1.15.1/STM32CubeIDE/plugins/com.st.stm32cube.ide.mcu.externaltools.gnu-tools-for-stm32.12.3.rel1.win32_1.0.100.202403111256/tools/bin/../lib/gcc/arm-none-eabi/12.3.1/../../../../arm-none-eabi/lib/thumb/v7e-m+fp/hard\libnosys.a
END GROUP
START GROUP
LOAD C:/ST/STM32CubeIDE_1.15.1/STM32CubeIDE/plugins/com.st.stm32cube.ide.mcu.externaltools.gnu-tools-for-stm32.12.3.rel1.win32_1.0.100.202403111256/tools/bin/../lib/gcc/arm-none-eabi/12.3.1/thumb/v7e-m+fp/hard\libgcc.a
LOAD C:/ST/STM32CubeIDE_1.15.1/STM32CubeIDE/plugins/com.st.stm32cube.ide.mcu.externaltools.gnu-tools-for-stm32.12.3.rel1.win32_1.0.100.202403111256/tools/bin/../lib/gcc/arm-none-eabi/12.3.1/../../../../arm-none-eabi/lib/thumb/v7e-m+fp/hard\libc_nano.a
LOAD C:/ST/STM32CubeIDE_1.15.1/STM32CubeIDE/plugins/com.st.stm32cube.ide.mcu.externaltools.gnu-tools-for-stm32.12.3.rel1.win32_1.0.100.202403111256/tools/bin/../lib/gcc/arm-none-eabi/12.3.1/../../../../arm-none-eabi/lib/thumb/v7e-m+fp/hard\libnosys.a
END GROUP
LOAD C:/ST/STM32CubeIDE_1.15.1/STM32CubeIDE/plugins/com.st.stm32cube.ide.mcu.externaltools.gnu-tools-for-stm32.12.3.rel1.win32_1.0.100.202403111256/tools/bin/../lib/gcc/arm-none-eabi/12.3.1/thumb/v7e-m+fp/hard/crtend.o
LOAD C:/ST/STM32CubeIDE_1.15.1/STM32CubeIDE/plugins/com.st.stm32cube.ide.mcu.externaltools.gnu-tools-for-stm32.12.3.rel1.win32_1.0.100.202403111256/tools/bin/../lib/gcc/arm-none-eabi/12.3.1/thumb/v7e-m+fp/hard/crtn.o
                0x20020000                        _estack = (ORIGIN (RAM) + LENGTH (RAM))
                0x00000200                        _Min_Heap_Size = 0x200
                0x00000400                        _Min_Stack_Size = 0x400

.isr_vector     0x08000000      0x198
                0x08000000                        . = ALIGN (0x4)
 *(.isr_vector)
 .isr_vector    0x08000000      0x198 ./Core/Startup/startup_stm32f411ceux.o
                0x08000000                g_pfnVectors
                0x08000198                        . = ALIGN (0x4)

.text           0x080001a0     0x9bf8
                0x080001a0                        . = ALIGN (0x4)
 *(.text)
 .text          0x080001a0       0x40 C:/ST/STM32CubeIDE_1.15.1/STM32CubeIDE/plugins/com.st.stm32cube.ide.mcu.externaltools.gnu-tools-for-stm32.12.3.rel1.win32_1.0.100.202403111256/tools/bin/../lib/gcc/arm-none-eabi/12.3.1/thumb/v7e-m+fp/hard/crtbegin.o
 .text          0x080001e0       0x10 C:/ST/STM32CubeIDE_1.15.1/STM32CubeIDE/plugins/com.st.stm32cube.ide.mcu.externaltools.gnu-tools-for-stm32.12.3.rel1.win32_1.0.100.202403111256/tools/bin/../lib/gcc/arm-none-eabi/12.3.1/../../../../arm-none-eabi/lib/thumb/v7e-m+fp/hard\libc_nano.a(libc_a-strlen.o)
                0x080001e0                strlen
 .text          0x080001f0       0xa0 C:/ST/STM32CubeIDE_1.15.1/STM32CubeIDE/plugins/com.st.stm32cube.ide.mcu.externaltools.gnu-tools-for-stm32.12.3.rel1.win32_1.0.100.202403111256/tools/bin/../lib/gcc/arm-none-eabi/12.3.1/../../../../arm-none-eabi/lib/thumb/v7e-m+fp/hard\libc_nano.a(libc_a-memchr.o)
                0x080001f0                memchr
 .text          0x08000290       0x30 C:/ST/STM32CubeIDE_1.15.1/STM32CubeIDE/plugins/com.st.stm32cube.ide.mcu.externaltools.gnu-tools-for-stm32.12.3.rel1.win32_1.0.100.202403111256/tools/bin/../lib/gcc/arm-none-eabi/12.3.1/thumb/v7e-m+fp/hard\libgcc.a(_aeabi_uldivmod.o)
                0x08000290                __aeabi_uldivmod
 .text          0x080002c0      0x2bc C:/ST/STM32CubeIDE_1.15.1/STM32CubeIDE/plugins/com.st.stm32cube.ide.mcu.externaltools.gnu-tools-for-stm32.12.3.rel1.win32_1.0.100.202403111256/tools/bin/../lib/gcc/arm-none-eabi/12.3.1/thumb/v7e-m+fp/hard\libgcc.a(_udivmoddi4.o)
                0x080002c0                __udivmoddi4
 .text          0x0800057c        0x4 C:/ST/STM32CubeIDE_1.15.1/STM32CubeIDE/plugins/com.st.stm32cube.ide.mcu.externaltools.gnu-tools-for-stm32.12.3.rel1.win32_1.0.100.202403111256/tools/bin/../lib/gcc/arm-none-eabi/12.3.1/thumb/v7e-m+fp/hard\libgcc.a(_dvmd_tls.o)
                0x0800057c                __aeabi_idiv0
                0x0800057c                __aeabi_ldiv0
 *(.text*)
 .text.HAL_UART_RxCpltCallback
                0x08000580       0x94 ./Core/Src/app.o
                0x08000580                HAL_UART_RxCpltCallback
 .text.processReceivedData
                0x08000614       0x24 ./Core/Src/app.o
                0x08000614                processReceivedData
 .text.MainInit
                0x08000638       0x48 ./Core/Src/app.o
                0x08000638                MainInit
 .text.MainApp  0x08000680       0x40 ./Core/Src/app.o
                0x08000680                MainApp
 .text.HandleButtonPress
                0x080006c0       0x78 ./Core/Src/app.o
                0x080006c0                HandleButtonPress
 .text.SELECT   0x08000738       0x1c ./Core/Src/fatfs_sd.o
 .text.DESELECT
                0x08000754       0x1c ./Core/Src/fatfs_sd.o
 .text.SPI_TxByte
                0x08000770       0x34 ./Core/Src/fatfs_sd.o
 .text.SPI_TxBuffer
                0x080007a4       0x34 ./Core/Src/fatfs_sd.o
 .text.SPI_RxByte
                0x080007d8       0x38 ./Core/Src/fatfs_sd.o
 .text.SPI_RxBytePtr
                0x08000810       0x1c ./Core/Src/fatfs_sd.o
 .text.SD_ReadyWait
                0x0800082c       0x34 ./Core/Src/fatfs_sd.o
 .text.SD_PowerOn
                0x08000860       0x84 ./Core/Src/fatfs_sd.o
 .text.SD_PowerOff
                0x080008e4       0x18 ./Core/Src/fatfs_sd.o
 .text.SD_CheckPower
                0x080008fc       0x18 ./Core/Src/fatfs_sd.o
 .text.SD_RxDataBlock
                0x08000914       0x60 ./Core/Src/fatfs_sd.o
 .text.SD_TxDataBlock
                0x08000974       0x86 ./Core/Src/fatfs_sd.o
 .text.SD_SendCmd
                0x080009fa       0xa8 ./Core/Src/fatfs_sd.o
 *fill*         0x08000aa2        0x2 
 .text.SD_disk_initialize
                0x08000aa4      0x1d8 ./Core/Src/fatfs_sd.o
                0x08000aa4                SD_disk_initialize
 .text.SD_disk_status
                0x08000c7c       0x2c ./Core/Src/fatfs_sd.o
                0x08000c7c                SD_disk_status
 .text.SD_disk_read
                0x08000ca8       0xd4 ./Core/Src/fatfs_sd.o
                0x08000ca8                SD_disk_read
 .text.SD_disk_write
                0x08000d7c      0x108 ./Core/Src/fatfs_sd.o
                0x08000d7c                SD_disk_write
 .text.SD_disk_ioctl
                0x08000e84      0x254 ./Core/Src/fatfs_sd.o
                0x08000e84                SD_disk_ioctl
 .text.lcd_send_cmd
                0x080010d8       0x60 ./Core/Src/i2c-lcd.o
                0x080010d8                lcd_send_cmd
 .text.lcd_send_data
                0x08001138       0x60 ./Core/Src/i2c-lcd.o
                0x08001138                lcd_send_data
 .text.lcd_clear
                0x08001198       0x2e ./Core/Src/i2c-lcd.o
                0x08001198                lcd_clear
 .text.lcd_put_cur
                0x080011c6       0x3e ./Core/Src/i2c-lcd.o
                0x080011c6                lcd_put_cur
 .text.lcd_init
                0x08001204       0x7a ./Core/Src/i2c-lcd.o
                0x08001204                lcd_init
 .text.lcd_send_string
                0x0800127e       0x2a ./Core/Src/i2c-lcd.o
                0x0800127e                lcd_send_string
 .text.EditDate
                0x080012a8      0x3b0 ./Core/Src/keys.o
                0x080012a8                EditDate
 .text.setDateTimeDisplay
                0x08001658       0x8c ./Core/Src/keys.o
                0x08001658                setDateTimeDisplay
 .text.ReadButton
                0x080016e4       0x60 ./Core/Src/keys.o
                0x080016e4                ReadButton
 .text.main     0x08001744       0x50 ./Core/Src/main.o
                0x08001744                main
 .text.SystemClock_Config
                0x08001794       0xec ./Core/Src/main.o
                0x08001794                SystemClock_Config
 .text.MX_I2C1_Init
                0x08001880       0x5c ./Core/Src/main.o
 .text.MX_SPI1_Init
                0x080018dc       0x6c ./Core/Src/main.o
 .text.MX_USART1_UART_Init
                0x08001948       0x54 ./Core/Src/main.o
 .text.MX_GPIO_Init
                0x0800199c      0x158 ./Core/Src/main.o
 .text.Error_Handler
                0x08001af4        0xc ./Core/Src/main.o
                0x08001af4                Error_Handler
 .text.RTC_Backup_Write
                0x08001b00       0x18 ./Core/Src/rtc.o
                0x08001b00                RTC_Backup_Write
 .text.RTC_Backup_Read
                0x08001b18       0x14 ./Core/Src/rtc.o
                0x08001b18                RTC_Backup_Read
 .text.getDateTime
                0x08001b2c       0x80 ./Core/Src/rtc.o
                0x08001b2c                getDateTime
 .text.RTC_setTime
                0x08001bac       0x40 ./Core/Src/rtc.o
                0x08001bac                RTC_setTime
 .text.RTC_setDate
                0x08001bec       0x3c ./Core/Src/rtc.o
                0x08001bec                RTC_setDate
 .text.DisplayDateTime
                0x08001c28       0x28 ./Core/Src/rtc.o
                0x08001c28                DisplayDateTime
 .text.MX_RTC_Init
                0x08001c50       0x4c ./Core/Src/rtc.o
                0x08001c50                MX_RTC_Init
 .text.log_to_sdcard
                0x08001c9c      0x124 ./Core/Src/sdcard.o
                0x08001c9c                log_to_sdcard
 .text.create_new_file
                0x08001dc0       0x5c ./Core/Src/sdcard.o
                0x08001dc0                create_new_file
 .text.ReadsdCardStorage
                0x08001e1c      0x1d8 ./Core/Src/sdcard.o
                0x08001e1c                ReadsdCardStorage
 .text.HAL_MspInit
                0x08001ff4       0x50 ./Core/Src/stm32f4xx_hal_msp.o
                0x08001ff4                HAL_MspInit
 .text.HAL_I2C_MspInit
                0x08002044       0x90 ./Core/Src/stm32f4xx_hal_msp.o
                0x08002044                HAL_I2C_MspInit
 .text.HAL_RTC_MspInit
                0x080020d4       0x58 ./Core/Src/stm32f4xx_hal_msp.o
                0x080020d4                HAL_RTC_MspInit
 .text.HAL_SPI_MspInit
                0x0800212c       0x90 ./Core/Src/stm32f4xx_hal_msp.o
                0x0800212c                HAL_SPI_MspInit
 .text.HAL_UART_MspInit
                0x080021bc       0xa0 ./Core/Src/stm32f4xx_hal_msp.o
                0x080021bc                HAL_UART_MspInit
 .text.NMI_Handler
                0x0800225c        0x8 ./Core/Src/stm32f4xx_it.o
                0x0800225c                NMI_Handler
 .text.HardFault_Handler
                0x08002264        0x8 ./Core/Src/stm32f4xx_it.o
                0x08002264                HardFault_Handler
 .text.MemManage_Handler
                0x0800226c        0x8 ./Core/Src/stm32f4xx_it.o
                0x0800226c                MemManage_Handler
 .text.BusFault_Handler
                0x08002274        0x8 ./Core/Src/stm32f4xx_it.o
                0x08002274                BusFault_Handler
 .text.UsageFault_Handler
                0x0800227c        0x8 ./Core/Src/stm32f4xx_it.o
                0x0800227c                UsageFault_Handler
 .text.SVC_Handler
                0x08002284        0xe ./Core/Src/stm32f4xx_it.o
                0x08002284                SVC_Handler
 .text.DebugMon_Handler
                0x08002292        0xe ./Core/Src/stm32f4xx_it.o
                0x08002292                DebugMon_Handler
 .text.PendSV_Handler
                0x080022a0        0xe ./Core/Src/stm32f4xx_it.o
                0x080022a0                PendSV_Handler
 *fill*         0x080022ae        0x2 
 .text.SysTick_Handler
                0x080022b0       0x34 ./Core/Src/stm32f4xx_it.o
                0x080022b0                SysTick_Handler
 .text.USART1_IRQHandler
                0x080022e4       0x14 ./Core/Src/stm32f4xx_it.o
                0x080022e4                USART1_IRQHandler
 .text.SDTimer_handler
                0x080022f8       0x48 ./Core/Src/stm32f4xx_it.o
                0x080022f8                SDTimer_handler
 .text._sbrk    0x08002340       0x6c ./Core/Src/sysmem.o
                0x08002340                _sbrk
 .text.SystemInit
                0x080023ac       0x24 ./Core/Src/system_stm32f4xx.o
                0x080023ac                SystemInit
 .text.Reset_Handler
                0x080023d0       0x50 ./Core/Startup/startup_stm32f411ceux.o
                0x080023d0                Reset_Handler
 .text.Default_Handler
                0x08002420        0x2 ./Core/Startup/startup_stm32f411ceux.o
                0x08002420                RTC_Alarm_IRQHandler
                0x08002420                EXTI2_IRQHandler
                0x08002420                SPI4_IRQHandler
                0x08002420                TIM1_CC_IRQHandler
                0x08002420                DMA2_Stream5_IRQHandler
                0x08002420                DMA1_Stream5_IRQHandler
                0x08002420                PVD_IRQHandler
                0x08002420                SDIO_IRQHandler
                0x08002420                TAMP_STAMP_IRQHandler
                0x08002420                EXTI3_IRQHandler
                0x08002420                TIM1_UP_TIM10_IRQHandler
                0x08002420                I2C3_ER_IRQHandler
                0x08002420                EXTI0_IRQHandler
                0x08002420                I2C2_EV_IRQHandler
                0x08002420                DMA1_Stream2_IRQHandler
                0x08002420                FPU_IRQHandler
                0x08002420                DMA2_Stream2_IRQHandler
                0x08002420                SPI1_IRQHandler
                0x08002420                TIM1_BRK_TIM9_IRQHandler
                0x08002420                DMA2_Stream3_IRQHandler
                0x08002420                USART6_IRQHandler
                0x08002420                DMA2_Stream0_IRQHandler
                0x08002420                TIM4_IRQHandler
                0x08002420                I2C1_EV_IRQHandler
                0x08002420                DMA1_Stream6_IRQHandler
                0x08002420                DMA1_Stream1_IRQHandler
                0x08002420                TIM3_IRQHandler
                0x08002420                RCC_IRQHandler
                0x08002420                Default_Handler
                0x08002420                EXTI15_10_IRQHandler
                0x08002420                ADC_IRQHandler
                0x08002420                DMA1_Stream7_IRQHandler
                0x08002420                SPI5_IRQHandler
                0x08002420                TIM5_IRQHandler
                0x08002420                DMA2_Stream7_IRQHandler
                0x08002420                I2C3_EV_IRQHandler
                0x08002420                EXTI9_5_IRQHandler
                0x08002420                RTC_WKUP_IRQHandler
                0x08002420                SPI2_IRQHandler
                0x08002420                DMA1_Stream0_IRQHandler
                0x08002420                EXTI4_IRQHandler
                0x08002420                WWDG_IRQHandler
                0x08002420                TIM2_IRQHandler
                0x08002420                OTG_FS_WKUP_IRQHandler
                0x08002420                TIM1_TRG_COM_TIM11_IRQHandler
                0x08002420                EXTI1_IRQHandler
                0x08002420                USART2_IRQHandler
                0x08002420                I2C2_ER_IRQHandler
                0x08002420                DMA2_Stream1_IRQHandler
                0x08002420                FLASH_IRQHandler
                0x08002420                DMA2_Stream4_IRQHandler
                0x08002420                OTG_FS_IRQHandler
                0x08002420                SPI3_IRQHandler
                0x08002420                DMA1_Stream4_IRQHandler
                0x08002420                I2C1_ER_IRQHandler
                0x08002420                DMA2_Stream6_IRQHandler
                0x08002420                DMA1_Stream3_IRQHandler
 *fill*         0x08002422        0x2 
 .text.HAL_Init
                0x08002424       0x44 ./Drivers/STM32F4xx_HAL_Driver/Src/stm32f4xx_hal.o
                0x08002424                HAL_Init
 .text.HAL_InitTick
                0x08002468       0x60 ./Drivers/STM32F4xx_HAL_Driver/Src/stm32f4xx_hal.o
                0x08002468                HAL_InitTick
 .text.HAL_IncTick
                0x080024c8       0x28 ./Drivers/STM32F4xx_HAL_Driver/Src/stm32f4xx_hal.o
                0x080024c8                HAL_IncTick
 .text.HAL_GetTick
                0x080024f0       0x18 ./Drivers/STM32F4xx_HAL_Driver/Src/stm32f4xx_hal.o
                0x080024f0                HAL_GetTick
 .text.HAL_Delay
                0x08002508       0x48 ./Drivers/STM32F4xx_HAL_Driver/Src/stm32f4xx_hal.o
                0x08002508                HAL_Delay
 .text.__NVIC_SetPriorityGrouping
                0x08002550       0x48 ./Drivers/STM32F4xx_HAL_Driver/Src/stm32f4xx_hal_cortex.o
 .text.__NVIC_GetPriorityGrouping
                0x08002598       0x1c ./Drivers/STM32F4xx_HAL_Driver/Src/stm32f4xx_hal_cortex.o
 .text.__NVIC_EnableIRQ
                0x080025b4       0x3c ./Drivers/STM32F4xx_HAL_Driver/Src/stm32f4xx_hal_cortex.o
 .text.__NVIC_SetPriority
                0x080025f0       0x54 ./Drivers/STM32F4xx_HAL_Driver/Src/stm32f4xx_hal_cortex.o
 .text.NVIC_EncodePriority
                0x08002644       0x66 ./Drivers/STM32F4xx_HAL_Driver/Src/stm32f4xx_hal_cortex.o
 *fill*         0x080026aa        0x2 
 .text.SysTick_Config
                0x080026ac       0x44 ./Drivers/STM32F4xx_HAL_Driver/Src/stm32f4xx_hal_cortex.o
 .text.HAL_NVIC_SetPriorityGrouping
                0x080026f0       0x16 ./Drivers/STM32F4xx_HAL_Driver/Src/stm32f4xx_hal_cortex.o
                0x080026f0                HAL_NVIC_SetPriorityGrouping
 .text.HAL_NVIC_SetPriority
                0x08002706       0x38 ./Drivers/STM32F4xx_HAL_Driver/Src/stm32f4xx_hal_cortex.o
                0x08002706                HAL_NVIC_SetPriority
 .text.HAL_NVIC_EnableIRQ
                0x0800273e       0x1c ./Drivers/STM32F4xx_HAL_Driver/Src/stm32f4xx_hal_cortex.o
                0x0800273e                HAL_NVIC_EnableIRQ
 .text.HAL_SYSTICK_Config
                0x0800275a       0x18 ./Drivers/STM32F4xx_HAL_Driver/Src/stm32f4xx_hal_cortex.o
                0x0800275a                HAL_SYSTICK_Config
 .text.HAL_DMA_Abort
                0x08002772       0xe0 ./Drivers/STM32F4xx_HAL_Driver/Src/stm32f4xx_hal_dma.o
                0x08002772                HAL_DMA_Abort
 .text.HAL_DMA_Abort_IT
                0x08002852       0x44 ./Drivers/STM32F4xx_HAL_Driver/Src/stm32f4xx_hal_dma.o
                0x08002852                HAL_DMA_Abort_IT
 *fill*         0x08002896        0x2 
 .text.HAL_GPIO_Init
                0x08002898      0x308 ./Drivers/STM32F4xx_HAL_Driver/Src/stm32f4xx_hal_gpio.o
                0x08002898                HAL_GPIO_Init
 .text.HAL_GPIO_ReadPin
                0x08002ba0       0x30 ./Drivers/STM32F4xx_HAL_Driver/Src/stm32f4xx_hal_gpio.o
                0x08002ba0                HAL_GPIO_ReadPin
 .text.HAL_GPIO_WritePin
                0x08002bd0       0x32 ./Drivers/STM32F4xx_HAL_Driver/Src/stm32f4xx_hal_gpio.o
                0x08002bd0                HAL_GPIO_WritePin
 .text.HAL_GPIO_TogglePin
                0x08002c02       0x34 ./Drivers/STM32F4xx_HAL_Driver/Src/stm32f4xx_hal_gpio.o
                0x08002c02                HAL_GPIO_TogglePin
 *fill*         0x08002c36        0x2 
 .text.HAL_I2C_Init
                0x08002c38      0x288 ./Drivers/STM32F4xx_HAL_Driver/Src/stm32f4xx_hal_i2c.o
                0x08002c38                HAL_I2C_Init
 .text.HAL_I2C_Master_Transmit
                0x08002ec0      0x1fc ./Drivers/STM32F4xx_HAL_Driver/Src/stm32f4xx_hal_i2c.o
                0x08002ec0                HAL_I2C_Master_Transmit
 .text.I2C_MasterRequestWrite
                0x080030bc      0x104 ./Drivers/STM32F4xx_HAL_Driver/Src/stm32f4xx_hal_i2c.o
 .text.I2C_WaitOnFlagUntilTimeout
                0x080031c0       0xf4 ./Drivers/STM32F4xx_HAL_Driver/Src/stm32f4xx_hal_i2c.o
 .text.I2C_WaitOnMasterAddressFlagUntilTimeout
                0x080032b4      0x140 ./Drivers/STM32F4xx_HAL_Driver/Src/stm32f4xx_hal_i2c.o
 .text.I2C_WaitOnTXEFlagUntilTimeout
                0x080033f4       0x90 ./Drivers/STM32F4xx_HAL_Driver/Src/stm32f4xx_hal_i2c.o
 .text.I2C_WaitOnBTFFlagUntilTimeout
                0x08003484       0x90 ./Drivers/STM32F4xx_HAL_Driver/Src/stm32f4xx_hal_i2c.o
 .text.I2C_IsAcknowledgeFailed
                0x08003514       0x5e ./Drivers/STM32F4xx_HAL_Driver/Src/stm32f4xx_hal_i2c.o
 .text.HAL_IWDG_Refresh
                0x08003572       0x20 ./Drivers/STM32F4xx_HAL_Driver/Src/stm32f4xx_hal_iwdg.o
                0x08003572                HAL_IWDG_Refresh
 *fill*         0x08003592        0x2 
 .text.HAL_PWR_EnableBkUpAccess
                0x08003594       0x28 ./Drivers/STM32F4xx_HAL_Driver/Src/stm32f4xx_hal_pwr.o
                0x08003594                HAL_PWR_EnableBkUpAccess
 .text.HAL_RCC_OscConfig
                0x080035bc      0x4f0 ./Drivers/STM32F4xx_HAL_Driver/Src/stm32f4xx_hal_rcc.o
                0x080035bc                HAL_RCC_OscConfig
 .text.HAL_RCC_ClockConfig
                0x08003aac      0x1cc ./Drivers/STM32F4xx_HAL_Driver/Src/stm32f4xx_hal_rcc.o
                0x08003aac                HAL_RCC_ClockConfig
 .text.HAL_RCC_MCOConfig
                0x08003c78       0xd0 ./Drivers/STM32F4xx_HAL_Driver/Src/stm32f4xx_hal_rcc.o
                0x08003c78                HAL_RCC_MCOConfig
 .text.HAL_RCC_GetSysClockFreq
                0x08003d48      0x18c ./Drivers/STM32F4xx_HAL_Driver/Src/stm32f4xx_hal_rcc.o
                0x08003d48                HAL_RCC_GetSysClockFreq
 .text.HAL_RCC_GetHCLKFreq
                0x08003ed4       0x18 ./Drivers/STM32F4xx_HAL_Driver/Src/stm32f4xx_hal_rcc.o
                0x08003ed4                HAL_RCC_GetHCLKFreq
 .text.HAL_RCC_GetPCLK1Freq
                0x08003eec       0x28 ./Drivers/STM32F4xx_HAL_Driver/Src/stm32f4xx_hal_rcc.o
                0x08003eec                HAL_RCC_GetPCLK1Freq
 .text.HAL_RCC_GetPCLK2Freq
                0x08003f14       0x28 ./Drivers/STM32F4xx_HAL_Driver/Src/stm32f4xx_hal_rcc.o
                0x08003f14                HAL_RCC_GetPCLK2Freq
 .text.HAL_RCCEx_PeriphCLKConfig
                0x08003f3c      0x1e0 ./Drivers/STM32F4xx_HAL_Driver/Src/stm32f4xx_hal_rcc_ex.o
                0x08003f3c                HAL_RCCEx_PeriphCLKConfig
 .text.HAL_RTC_Init
                0x0800411c      0x106 ./Drivers/STM32F4xx_HAL_Driver/Src/stm32f4xx_hal_rtc.o
                0x0800411c                HAL_RTC_Init
 .text.HAL_RTC_SetTime
                0x08004222      0x134 ./Drivers/STM32F4xx_HAL_Driver/Src/stm32f4xx_hal_rtc.o
                0x08004222                HAL_RTC_SetTime
 .text.HAL_RTC_GetTime
                0x08004356       0xbc ./Drivers/STM32F4xx_HAL_Driver/Src/stm32f4xx_hal_rtc.o
                0x08004356                HAL_RTC_GetTime
 .text.HAL_RTC_SetDate
                0x08004412      0x108 ./Drivers/STM32F4xx_HAL_Driver/Src/stm32f4xx_hal_rtc.o
                0x08004412                HAL_RTC_SetDate
 .text.HAL_RTC_GetDate
                0x0800451a       0x9e ./Drivers/STM32F4xx_HAL_Driver/Src/stm32f4xx_hal_rtc.o
                0x0800451a                HAL_RTC_GetDate
 .text.HAL_RTC_WaitForSynchro
                0x080045b8       0x4c ./Drivers/STM32F4xx_HAL_Driver/Src/stm32f4xx_hal_rtc.o
                0x080045b8                HAL_RTC_WaitForSynchro
 .text.RTC_EnterInitMode
                0x08004604       0x6e ./Drivers/STM32F4xx_HAL_Driver/Src/stm32f4xx_hal_rtc.o
                0x08004604                RTC_EnterInitMode
 .text.RTC_ExitInitMode
                0x08004672       0x4a ./Drivers/STM32F4xx_HAL_Driver/Src/stm32f4xx_hal_rtc.o
                0x08004672                RTC_ExitInitMode
 .text.RTC_ByteToBcd2
                0x080046bc       0x3c ./Drivers/STM32F4xx_HAL_Driver/Src/stm32f4xx_hal_rtc.o
                0x080046bc                RTC_ByteToBcd2
 .text.RTC_Bcd2ToByte
                0x080046f8       0x3c ./Drivers/STM32F4xx_HAL_Driver/Src/stm32f4xx_hal_rtc.o
                0x080046f8                RTC_Bcd2ToByte
 .text.HAL_RTCEx_BKUPWrite
                0x08004734       0x34 ./Drivers/STM32F4xx_HAL_Driver/Src/stm32f4xx_hal_rtc_ex.o
                0x08004734                HAL_RTCEx_BKUPWrite
 .text.HAL_RTCEx_BKUPRead
                0x08004768       0x30 ./Drivers/STM32F4xx_HAL_Driver/Src/stm32f4xx_hal_rtc_ex.o
                0x08004768                HAL_RTCEx_BKUPRead
 .text.HAL_SPI_Init
                0x08004798      0x112 ./Drivers/STM32F4xx_HAL_Driver/Src/stm32f4xx_hal_spi.o
                0x08004798                HAL_SPI_Init
 .text.HAL_SPI_Transmit
                0x080048aa      0x288 ./Drivers/STM32F4xx_HAL_Driver/Src/stm32f4xx_hal_spi.o
                0x080048aa                HAL_SPI_Transmit
 .text.HAL_SPI_TransmitReceive
                0x08004b32      0x352 ./Drivers/STM32F4xx_HAL_Driver/Src/stm32f4xx_hal_spi.o
                0x08004b32                HAL_SPI_TransmitReceive
 .text.SPI_WaitFlagStateUntilTimeout
                0x08004e84      0x110 ./Drivers/STM32F4xx_HAL_Driver/Src/stm32f4xx_hal_spi.o
 .text.SPI_EndRxTxTransaction
                0x08004f94       0xa8 ./Drivers/STM32F4xx_HAL_Driver/Src/stm32f4xx_hal_spi.o
 .text.HAL_UART_Init
                0x0800503c       0xa0 ./Drivers/STM32F4xx_HAL_Driver/Src/stm32f4xx_hal_uart.o
                0x0800503c                HAL_UART_Init
 .text.HAL_UART_Receive_IT
                0x080050dc       0x4a ./Drivers/STM32F4xx_HAL_Driver/Src/stm32f4xx_hal_uart.o
                0x080050dc                HAL_UART_Receive_IT
 *fill*         0x08005126        0x2 
 .text.HAL_UART_IRQHandler
                0x08005128      0x524 ./Drivers/STM32F4xx_HAL_Driver/Src/stm32f4xx_hal_uart.o
                0x08005128                HAL_UART_IRQHandler
 .text.HAL_UART_TxCpltCallback
                0x0800564c       0x14 ./Drivers/STM32F4xx_HAL_Driver/Src/stm32f4xx_hal_uart.o
                0x0800564c                HAL_UART_TxCpltCallback
 .text.HAL_UART_ErrorCallback
                0x08005660       0x14 ./Drivers/STM32F4xx_HAL_Driver/Src/stm32f4xx_hal_uart.o
                0x08005660                HAL_UART_ErrorCallback
 .text.HAL_UARTEx_RxEventCallback
                0x08005674       0x18 ./Drivers/STM32F4xx_HAL_Driver/Src/stm32f4xx_hal_uart.o
                0x08005674                HAL_UARTEx_RxEventCallback
 .text.UART_Start_Receive_IT
                0x0800568c       0x74 ./Drivers/STM32F4xx_HAL_Driver/Src/stm32f4xx_hal_uart.o
                0x0800568c                UART_Start_Receive_IT
 .text.UART_EndRxTransfer
                0x08005700       0xc6 ./Drivers/STM32F4xx_HAL_Driver/Src/stm32f4xx_hal_uart.o
 .text.UART_DMAAbortOnError
                0x080057c6       0x28 ./Drivers/STM32F4xx_HAL_Driver/Src/stm32f4xx_hal_uart.o
 .text.UART_Transmit_IT
                0x080057ee       0xa0 ./Drivers/STM32F4xx_HAL_Driver/Src/stm32f4xx_hal_uart.o
 .text.UART_EndTransmit_IT
                0x0800588e       0x30 ./Drivers/STM32F4xx_HAL_Driver/Src/stm32f4xx_hal_uart.o
 .text.UART_Receive_IT
                0x080058be      0x17c ./Drivers/STM32F4xx_HAL_Driver/Src/stm32f4xx_hal_uart.o
 *fill*         0x08005a3a        0x2 
 .text.UART_SetConfig
                0x08005a3c      0x4e8 ./Drivers/STM32F4xx_HAL_Driver/Src/stm32f4xx_hal_uart.o
 .text.MX_FATFS_Init
                0x08005f24       0x24 ./FATFS/App/fatfs.o
                0x08005f24                MX_FATFS_Init
 .text.get_fattime
                0x08005f48       0x10 ./FATFS/App/fatfs.o
                0x08005f48                get_fattime
 .text.USER_initialize
                0x08005f58       0x1c ./FATFS/Target/user_diskio.o
                0x08005f58                USER_initialize
 .text.USER_status
                0x08005f74       0x1c ./FATFS/Target/user_diskio.o
                0x08005f74                USER_status
 .text.USER_read
                0x08005f90       0x26 ./FATFS/Target/user_diskio.o
                0x08005f90                USER_read
 .text.USER_write
                0x08005fb6       0x26 ./FATFS/Target/user_diskio.o
                0x08005fb6                USER_write
 .text.USER_ioctl
                0x08005fdc       0x26 ./FATFS/Target/user_diskio.o
                0x08005fdc                USER_ioctl
 *fill*         0x08006002        0x2 
 .text.disk_status
                0x08006004       0x34 ./Middlewares/Third_Party/FatFs/src/diskio.o
                0x08006004                disk_status
 .text.disk_initialize
                0x08006038       0x50 ./Middlewares/Third_Party/FatFs/src/diskio.o
                0x08006038                disk_initialize
 .text.disk_read
                0x08006088       0x40 ./Middlewares/Third_Party/FatFs/src/diskio.o
                0x08006088                disk_read
 .text.disk_write
                0x080060c8       0x40 ./Middlewares/Third_Party/FatFs/src/diskio.o
                0x080060c8                disk_write
 .text.disk_ioctl
                0x08006108       0x3c ./Middlewares/Third_Party/FatFs/src/diskio.o
                0x08006108                disk_ioctl
 .text.ld_word  0x08006144       0x30 ./Middlewares/Third_Party/FatFs/src/ff.o
 .text.ld_dword
                0x08006174       0x46 ./Middlewares/Third_Party/FatFs/src/ff.o
 .text.st_word  0x080061ba       0x36 ./Middlewares/Third_Party/FatFs/src/ff.o
 .text.st_dword
                0x080061f0       0x58 ./Middlewares/Third_Party/FatFs/src/ff.o
 .text.mem_cpy  0x08006248       0x42 ./Middlewares/Third_Party/FatFs/src/ff.o
 .text.mem_set  0x0800628a       0x36 ./Middlewares/Third_Party/FatFs/src/ff.o
 .text.mem_cmp  0x080062c0       0x4e ./Middlewares/Third_Party/FatFs/src/ff.o
 .text.chk_chr  0x0800630e       0x36 ./Middlewares/Third_Party/FatFs/src/ff.o
 .text.chk_lock
                0x08006344       0xb8 ./Middlewares/Third_Party/FatFs/src/ff.o
 .text.enq_lock
                0x080063fc       0x44 ./Middlewares/Third_Party/FatFs/src/ff.o
 .text.inc_lock
                0x08006440      0x11c ./Middlewares/Third_Party/FatFs/src/ff.o
 .text.dec_lock
                0x0800655c       0x78 ./Middlewares/Third_Party/FatFs/src/ff.o
 .text.clear_lock
                0x080065d4       0x48 ./Middlewares/Third_Party/FatFs/src/ff.o
 .text.sync_window
                0x0800661c       0x88 ./Middlewares/Third_Party/FatFs/src/ff.o
 .text.move_window
                0x080066a4       0x5a ./Middlewares/Third_Party/FatFs/src/ff.o
 *fill*         0x080066fe        0x2 
 .text.sync_fs  0x08006700       0xe0 ./Middlewares/Third_Party/FatFs/src/ff.o
 .text.clust2sect
                0x080067e0       0x3e ./Middlewares/Third_Party/FatFs/src/ff.o
 .text.get_fat  0x0800681e      0x1a6 ./Middlewares/Third_Party/FatFs/src/ff.o
 .text.put_fat  0x080069c4      0x234 ./Middlewares/Third_Party/FatFs/src/ff.o
 .text.remove_chain
                0x08006bf8       0xca ./Middlewares/Third_Party/FatFs/src/ff.o
 .text.create_chain
                0x08006cc2      0x130 ./Middlewares/Third_Party/FatFs/src/ff.o
 .text.clmt_clust
                0x08006df2       0x70 ./Middlewares/Third_Party/FatFs/src/ff.o
 .text.dir_sdi  0x08006e62      0x112 ./Middlewares/Third_Party/FatFs/src/ff.o
 .text.dir_next
                0x08006f74      0x1ac ./Middlewares/Third_Party/FatFs/src/ff.o
 .text.dir_alloc
                0x08007120       0x8e ./Middlewares/Third_Party/FatFs/src/ff.o
 .text.ld_clust
                0x080071ae       0x3e ./Middlewares/Third_Party/FatFs/src/ff.o
 .text.st_clust
                0x080071ec       0x40 ./Middlewares/Third_Party/FatFs/src/ff.o
 .text.cmp_lfn  0x0800722c       0xe0 ./Middlewares/Third_Party/FatFs/src/ff.o
 .text.put_lfn  0x0800730c       0xd0 ./Middlewares/Third_Party/FatFs/src/ff.o
 .text.gen_numname
                0x080073dc      0x11c ./Middlewares/Third_Party/FatFs/src/ff.o
 .text.sum_sfn  0x080074f8       0x42 ./Middlewares/Third_Party/FatFs/src/ff.o
 .text.dir_find
                0x0800753a      0x180 ./Middlewares/Third_Party/FatFs/src/ff.o
 *fill*         0x080076ba        0x2 
 .text.dir_register
                0x080076bc      0x1f0 ./Middlewares/Third_Party/FatFs/src/ff.o
 .text.create_name
                0x080078ac      0x370 ./Middlewares/Third_Party/FatFs/src/ff.o
 .text.follow_path
                0x08007c1c       0xec ./Middlewares/Third_Party/FatFs/src/ff.o
 .text.get_ldnumber
                0x08007d08       0x88 ./Middlewares/Third_Party/FatFs/src/ff.o
 .text.check_fs
                0x08007d90       0xac ./Middlewares/Third_Party/FatFs/src/ff.o
 .text.find_volume
                0x08007e3c      0x50c ./Middlewares/Third_Party/FatFs/src/ff.o
 .text.validate
                0x08008348       0x6a ./Middlewares/Third_Party/FatFs/src/ff.o
 *fill*         0x080083b2        0x2 
 .text.f_mount  0x080083b4       0x8c ./Middlewares/Third_Party/FatFs/src/ff.o
                0x080083b4                f_mount
 .text.f_open   0x08008440      0x390 ./Middlewares/Third_Party/FatFs/src/ff.o
                0x08008440                f_open
 .text.f_write  0x080087d0      0x328 ./Middlewares/Third_Party/FatFs/src/ff.o
                0x080087d0                f_write
 .text.f_sync   0x08008af8       0xfc ./Middlewares/Third_Party/FatFs/src/ff.o
                0x08008af8                f_sync
 .text.f_close  0x08008bf4       0x54 ./Middlewares/Third_Party/FatFs/src/ff.o
                0x08008bf4                f_close
 .text.f_lseek  0x08008c48      0x448 ./Middlewares/Third_Party/FatFs/src/ff.o
                0x08008c48                f_lseek
 .text.f_getfree
                0x08009090      0x16a ./Middlewares/Third_Party/FatFs/src/ff.o
                0x08009090                f_getfree
 *fill*         0x080091fa        0x2 
 .text.FATFS_LinkDriverEx
                0x080091fc       0x98 ./Middlewares/Third_Party/FatFs/src/ff_gen_drv.o
                0x080091fc                FATFS_LinkDriverEx
 .text.FATFS_LinkDriver
                0x08009294       0x1e ./Middlewares/Third_Party/FatFs/src/ff_gen_drv.o
                0x08009294                FATFS_LinkDriver
 *fill*         0x080092b2        0x2 
 .text.ff_convert
                0x080092b4       0x78 ./Middlewares/Third_Party/FatFs/src/option/ccsbcs.o
                0x080092b4                ff_convert
 .text.ff_wtoupper
                0x0800932c      0x114 ./Middlewares/Third_Party/FatFs/src/option/ccsbcs.o
                0x0800932c                ff_wtoupper
 .text.sprintf  0x08009440       0x40 C:/ST/STM32CubeIDE_1.15.1/STM32CubeIDE/plugins/com.st.stm32cube.ide.mcu.externaltools.gnu-tools-for-stm32.12.3.rel1.win32_1.0.100.202403111256/tools/bin/../lib/gcc/arm-none-eabi/12.3.1/../../../../arm-none-eabi/lib/thumb/v7e-m+fp/hard\libc_nano.a(libc_a-sprintf.o)
                0x08009440                siprintf
                0x08009440                sprintf
 .text.memset   0x08009480       0x10 C:/ST/STM32CubeIDE_1.15.1/STM32CubeIDE/plugins/com.st.stm32cube.ide.mcu.externaltools.gnu-tools-for-stm32.12.3.rel1.win32_1.0.100.202403111256/tools/bin/../lib/gcc/arm-none-eabi/12.3.1/../../../../arm-none-eabi/lib/thumb/v7e-m+fp/hard\libc_nano.a(libc_a-memset.o)
                0x08009480                memset
 .text.__errno  0x08009490        0xc C:/ST/STM32CubeIDE_1.15.1/STM32CubeIDE/plugins/com.st.stm32cube.ide.mcu.externaltools.gnu-tools-for-stm32.12.3.rel1.win32_1.0.100.202403111256/tools/bin/../lib/gcc/arm-none-eabi/12.3.1/../../../../arm-none-eabi/lib/thumb/v7e-m+fp/hard\libc_nano.a(libc_a-errno.o)
                0x08009490                __errno
 .text.__libc_init_array
                0x0800949c       0x48 C:/ST/STM32CubeIDE_1.15.1/STM32CubeIDE/plugins/com.st.stm32cube.ide.mcu.externaltools.gnu-tools-for-stm32.12.3.rel1.win32_1.0.100.202403111256/tools/bin/../lib/gcc/arm-none-eabi/12.3.1/../../../../arm-none-eabi/lib/thumb/v7e-m+fp/hard\libc_nano.a(libc_a-init.o)
                0x0800949c                __libc_init_array
 .text.__retarget_lock_acquire_recursive
                0x080094e4        0x2 C:/ST/STM32CubeIDE_1.15.1/STM32CubeIDE/plugins/com.st.stm32cube.ide.mcu.externaltools.gnu-tools-for-stm32.12.3.rel1.win32_1.0.100.202403111256/tools/bin/../lib/gcc/arm-none-eabi/12.3.1/../../../../arm-none-eabi/lib/thumb/v7e-m+fp/hard\libc_nano.a(libc_a-lock.o)
                0x080094e4                __retarget_lock_acquire_recursive
 .text.__retarget_lock_release_recursive
                0x080094e6        0x2 C:/ST/STM32CubeIDE_1.15.1/STM32CubeIDE/plugins/com.st.stm32cube.ide.mcu.externaltools.gnu-tools-for-stm32.12.3.rel1.win32_1.0.100.202403111256/tools/bin/../lib/gcc/arm-none-eabi/12.3.1/../../../../arm-none-eabi/lib/thumb/v7e-m+fp/hard\libc_nano.a(libc_a-lock.o)
                0x080094e6                __retarget_lock_release_recursive
 .text._free_r  0x080094e8       0x94 C:/ST/STM32CubeIDE_1.15.1/STM32CubeIDE/plugins/com.st.stm32cube.ide.mcu.externaltools.gnu-tools-for-stm32.12.3.rel1.win32_1.0.100.202403111256/tools/bin/../lib/gcc/arm-none-eabi/12.3.1/../../../../arm-none-eabi/lib/thumb/v7e-m+fp/hard\libc_nano.a(libc_a-freer.o)
                0x080094e8                _free_r
 .text.sbrk_aligned
                0x0800957c       0x44 C:/ST/STM32CubeIDE_1.15.1/STM32CubeIDE/plugins/com.st.stm32cube.ide.mcu.externaltools.gnu-tools-for-stm32.12.3.rel1.win32_1.0.100.202403111256/tools/bin/../lib/gcc/arm-none-eabi/12.3.1/../../../../arm-none-eabi/lib/thumb/v7e-m+fp/hard\libc_nano.a(libc_a-mallocr.o)
 .text._malloc_r
                0x080095c0      0x100 C:/ST/STM32CubeIDE_1.15.1/STM32CubeIDE/plugins/com.st.stm32cube.ide.mcu.externaltools.gnu-tools-for-stm32.12.3.rel1.win32_1.0.100.202403111256/tools/bin/../lib/gcc/arm-none-eabi/12.3.1/../../../../arm-none-eabi/lib/thumb/v7e-m+fp/hard\libc_nano.a(libc_a-mallocr.o)
                0x080095c0                _malloc_r
 .text.__malloc_lock
                0x080096c0        0xc C:/ST/STM32CubeIDE_1.15.1/STM32CubeIDE/plugins/com.st.stm32cube.ide.mcu.externaltools.gnu-tools-for-stm32.12.3.rel1.win32_1.0.100.202403111256/tools/bin/../lib/gcc/arm-none-eabi/12.3.1/../../../../arm-none-eabi/lib/thumb/v7e-m+fp/hard\libc_nano.a(libc_a-mlock.o)
                0x080096c0                __malloc_lock
 .text.__malloc_unlock
                0x080096cc        0xc C:/ST/STM32CubeIDE_1.15.1/STM32CubeIDE/plugins/com.st.stm32cube.ide.mcu.externaltools.gnu-tools-for-stm32.12.3.rel1.win32_1.0.100.202403111256/tools/bin/../lib/gcc/arm-none-eabi/12.3.1/../../../../arm-none-eabi/lib/thumb/v7e-m+fp/hard\libc_nano.a(libc_a-mlock.o)
                0x080096cc                __malloc_unlock
 .text.__ssputs_r
                0x080096d8       0xb6 C:/ST/STM32CubeIDE_1.15.1/STM32CubeIDE/plugins/com.st.stm32cube.ide.mcu.externaltools.gnu-tools-for-stm32.12.3.rel1.win32_1.0.100.202403111256/tools/bin/../lib/gcc/arm-none-eabi/12.3.1/../../../../arm-none-eabi/lib/thumb/v7e-m+fp/hard\libc_nano.a(libc_a-nano-svfprintf.o)
                0x080096d8                __ssputs_r
 *fill*         0x0800978e        0x2 
 .text._svfprintf_r
                0x08009790      0x1f8 C:/ST/STM32CubeIDE_1.15.1/STM32CubeIDE/plugins/com.st.stm32cube.ide.mcu.externaltools.gnu-tools-for-stm32.12.3.rel1.win32_1.0.100.202403111256/tools/bin/../lib/gcc/arm-none-eabi/12.3.1/../../../../arm-none-eabi/lib/thumb/v7e-m+fp/hard\libc_nano.a(libc_a-nano-svfprintf.o)
                0x08009790                _svfiprintf_r
                0x08009790                _svfprintf_r
 .text._printf_common
                0x08009988       0xda C:/ST/STM32CubeIDE_1.15.1/STM32CubeIDE/plugins/com.st.stm32cube.ide.mcu.externaltools.gnu-tools-for-stm32.12.3.rel1.win32_1.0.100.202403111256/tools/bin/../lib/gcc/arm-none-eabi/12.3.1/../../../../arm-none-eabi/lib/thumb/v7e-m+fp/hard\libc_nano.a(libc_a-nano-vfprintf_i.o)
                0x08009988                _printf_common
 *fill*         0x08009a62        0x2 
 .text._printf_i
                0x08009a64      0x240 C:/ST/STM32CubeIDE_1.15.1/STM32CubeIDE/plugins/com.st.stm32cube.ide.mcu.externaltools.gnu-tools-for-stm32.12.3.rel1.win32_1.0.100.202403111256/tools/bin/../lib/gcc/arm-none-eabi/12.3.1/../../../../arm-none-eabi/lib/thumb/v7e-m+fp/hard\libc_nano.a(libc_a-nano-vfprintf_i.o)
                0x08009a64                _printf_i
 .text.memmove  0x08009ca4       0x34 C:/ST/STM32CubeIDE_1.15.1/STM32CubeIDE/plugins/com.st.stm32cube.ide.mcu.externaltools.gnu-tools-for-stm32.12.3.rel1.win32_1.0.100.202403111256/tools/bin/../lib/gcc/arm-none-eabi/12.3.1/../../../../arm-none-eabi/lib/thumb/v7e-m+fp/hard\libc_nano.a(libc_a-memmove.o)
                0x08009ca4                memmove
 .text._sbrk_r  0x08009cd8       0x20 C:/ST/STM32CubeIDE_1.15.1/STM32CubeIDE/plugins/com.st.stm32cube.ide.mcu.externaltools.gnu-tools-for-stm32.12.3.rel1.win32_1.0.100.202403111256/tools/bin/../lib/gcc/arm-none-eabi/12.3.1/../../../../arm-none-eabi/lib/thumb/v7e-m+fp/hard\libc_nano.a(libc_a-sbrkr.o)
                0x08009cd8                _sbrk_r
 .text.memcpy   0x08009cf8       0x1c C:/ST/STM32CubeIDE_1.15.1/STM32CubeIDE/plugins/com.st.stm32cube.ide.mcu.externaltools.gnu-tools-for-stm32.12.3.rel1.win32_1.0.100.202403111256/tools/bin/../lib/gcc/arm-none-eabi/12.3.1/../../../../arm-none-eabi/lib/thumb/v7e-m+fp/hard\libc_nano.a(libc_a-memcpy-stub.o)
                0x08009cf8                memcpy
 .text._realloc_r
                0x08009d14       0x5c C:/ST/STM32CubeIDE_1.15.1/STM32CubeIDE/plugins/com.st.stm32cube.ide.mcu.externaltools.gnu-tools-for-stm32.12.3.rel1.win32_1.0.100.202403111256/tools/bin/../lib/gcc/arm-none-eabi/12.3.1/../../../../arm-none-eabi/lib/thumb/v7e-m+fp/hard\libc_nano.a(libc_a-reallocr.o)
                0x08009d14                _realloc_r
 .text._malloc_usable_size_r
                0x08009d70       0x10 C:/ST/STM32CubeIDE_1.15.1/STM32CubeIDE/plugins/com.st.stm32cube.ide.mcu.externaltools.gnu-tools-for-stm32.12.3.rel1.win32_1.0.100.202403111256/tools/bin/../lib/gcc/arm-none-eabi/12.3.1/../../../../arm-none-eabi/lib/thumb/v7e-m+fp/hard\libc_nano.a(libc_a-msizer.o)
                0x08009d70                _malloc_usable_size_r
 *(.glue_7)
 .glue_7        0x08009d80        0x0 linker stubs
 *(.glue_7t)
 .glue_7t       0x08009d80        0x0 linker stubs
 *(.eh_frame)
 .eh_frame      0x08009d80        0x0 C:/ST/STM32CubeIDE_1.15.1/STM32CubeIDE/plugins/com.st.stm32cube.ide.mcu.externaltools.gnu-tools-for-stm32.12.3.rel1.win32_1.0.100.202403111256/tools/bin/../lib/gcc/arm-none-eabi/12.3.1/thumb/v7e-m+fp/hard/crtbegin.o
 *(.init)
 .init          0x08009d80        0x4 C:/ST/STM32CubeIDE_1.15.1/STM32CubeIDE/plugins/com.st.stm32cube.ide.mcu.externaltools.gnu-tools-for-stm32.12.3.rel1.win32_1.0.100.202403111256/tools/bin/../lib/gcc/arm-none-eabi/12.3.1/thumb/v7e-m+fp/hard/crti.o
                0x08009d80                _init
 .init          0x08009d84        0x8 C:/ST/STM32CubeIDE_1.15.1/STM32CubeIDE/plugins/com.st.stm32cube.ide.mcu.externaltools.gnu-tools-for-stm32.12.3.rel1.win32_1.0.100.202403111256/tools/bin/../lib/gcc/arm-none-eabi/12.3.1/thumb/v7e-m+fp/hard/crtn.o
 *(.fini)
 .fini          0x08009d8c        0x4 C:/ST/STM32CubeIDE_1.15.1/STM32CubeIDE/plugins/com.st.stm32cube.ide.mcu.externaltools.gnu-tools-for-stm32.12.3.rel1.win32_1.0.100.202403111256/tools/bin/../lib/gcc/arm-none-eabi/12.3.1/thumb/v7e-m+fp/hard/crti.o
                0x08009d8c                _fini
 .fini          0x08009d90        0x8 C:/ST/STM32CubeIDE_1.15.1/STM32CubeIDE/plugins/com.st.stm32cube.ide.mcu.externaltools.gnu-tools-for-stm32.12.3.rel1.win32_1.0.100.202403111256/tools/bin/../lib/gcc/arm-none-eabi/12.3.1/thumb/v7e-m+fp/hard/crtn.o
                0x08009d98                        . = ALIGN (0x4)
                0x08009d98                        _etext = .

.vfp11_veneer   0x08009d98        0x0
 .vfp11_veneer  0x08009d98        0x0 linker stubs

.v4_bx          0x08009d98        0x0
 .v4_bx         0x08009d98        0x0 linker stubs

.iplt           0x08009d98        0x0
 .iplt          0x08009d98        0x0 C:/ST/STM32CubeIDE_1.15.1/STM32CubeIDE/plugins/com.st.stm32cube.ide.mcu.externaltools.gnu-tools-for-stm32.12.3.rel1.win32_1.0.100.202403111256/tools/bin/../lib/gcc/arm-none-eabi/12.3.1/thumb/v7e-m+fp/hard/crtbegin.o

.rodata         0x08009d98      0x5cc
                0x08009d98                        . = ALIGN (0x4)
 *(.rodata)
 .rodata        0x08009d98       0x3a ./Core/Src/keys.o
 *fill*         0x08009dd2        0x2 
 .rodata        0x08009dd4       0x1f ./Core/Src/rtc.o
 *fill*         0x08009df3        0x1 
 .rodata        0x08009df4       0x99 ./Core/Src/sdcard.o
 *fill*         0x08009e8d        0x3 
 .rodata        0x08009e90       0x48 ./Middlewares/Third_Party/FatFs/src/ff.o
 *(.rodata*)
 .rodata.AHBPrescTable
                0x08009ed8       0x10 ./Core/Src/system_stm32f4xx.o
                0x08009ed8                AHBPrescTable
 .rodata.APBPrescTable
                0x08009ee8        0x8 ./Core/Src/system_stm32f4xx.o
                0x08009ee8                APBPrescTable
 .rodata.ExCvt  0x08009ef0       0x80 ./Middlewares/Third_Party/FatFs/src/ff.o
 .rodata.LfnOfs
                0x08009f70        0xd ./Middlewares/Third_Party/FatFs/src/ff.o
 *fill*         0x08009f7d        0x3 
 .rodata.Tbl    0x08009f80      0x100 ./Middlewares/Third_Party/FatFs/src/option/ccsbcs.o
 .rodata.cvt1.1
                0x0800a080      0x1f2 ./Middlewares/Third_Party/FatFs/src/option/ccsbcs.o
 *fill*         0x0800a272        0x2 
 .rodata.cvt2.0
                0x0800a274       0xbc ./Middlewares/Third_Party/FatFs/src/option/ccsbcs.o
 .rodata._svfprintf_r.str1.1
                0x0800a330       0x11 C:/ST/STM32CubeIDE_1.15.1/STM32CubeIDE/plugins/com.st.stm32cube.ide.mcu.externaltools.gnu-tools-for-stm32.12.3.rel1.win32_1.0.100.202403111256/tools/bin/../lib/gcc/arm-none-eabi/12.3.1/../../../../arm-none-eabi/lib/thumb/v7e-m+fp/hard\libc_nano.a(libc_a-nano-svfprintf.o)
 .rodata._printf_i.str1.1
                0x0800a341       0x22 C:/ST/STM32CubeIDE_1.15.1/STM32CubeIDE/plugins/com.st.stm32cube.ide.mcu.externaltools.gnu-tools-for-stm32.12.3.rel1.win32_1.0.100.202403111256/tools/bin/../lib/gcc/arm-none-eabi/12.3.1/../../../../arm-none-eabi/lib/thumb/v7e-m+fp/hard\libc_nano.a(libc_a-nano-vfprintf_i.o)
                0x0800a364                        . = ALIGN (0x4)
 *fill*         0x0800a363        0x1 

.ARM.extab      0x0800a364        0x0
                0x0800a364                        . = ALIGN (0x4)
 *(.ARM.extab* .gnu.linkonce.armextab.*)
                0x0800a364                        . = ALIGN (0x4)

.ARM            0x0800a364        0x8
                0x0800a364                        . = ALIGN (0x4)
                0x0800a364                        __exidx_start = .
 *(.ARM.exidx*)
 .ARM.exidx     0x0800a364        0x8 C:/ST/STM32CubeIDE_1.15.1/STM32CubeIDE/plugins/com.st.stm32cube.ide.mcu.externaltools.gnu-tools-for-stm32.12.3.rel1.win32_1.0.100.202403111256/tools/bin/../lib/gcc/arm-none-eabi/12.3.1/../../../../arm-none-eabi/lib/thumb/v7e-m+fp/hard\libc_nano.a(libc_a-strlen.o)
 .ARM.exidx     0x0800a36c        0x0 C:/ST/STM32CubeIDE_1.15.1/STM32CubeIDE/plugins/com.st.stm32cube.ide.mcu.externaltools.gnu-tools-for-stm32.12.3.rel1.win32_1.0.100.202403111256/tools/bin/../lib/gcc/arm-none-eabi/12.3.1/../../../../arm-none-eabi/lib/thumb/v7e-m+fp/hard\libc_nano.a(libc_a-memchr.o)
                                  0x8 (size before relaxing)
 .ARM.exidx     0x0800a36c        0x0 C:/ST/STM32CubeIDE_1.15.1/STM32CubeIDE/plugins/com.st.stm32cube.ide.mcu.externaltools.gnu-tools-for-stm32.12.3.rel1.win32_1.0.100.202403111256/tools/bin/../lib/gcc/arm-none-eabi/12.3.1/thumb/v7e-m+fp/hard\libgcc.a(_udivmoddi4.o)
                                  0x8 (size before relaxing)
                0x0800a36c                        __exidx_end = .
                0x0800a36c                        . = ALIGN (0x4)

.preinit_array  0x0800a36c        0x0
                0x0800a36c                        . = ALIGN (0x4)
                0x0800a36c                        PROVIDE (__preinit_array_start = .)
 *(.preinit_array*)
                0x0800a36c                        PROVIDE (__preinit_array_end = .)
                0x0800a36c                        . = ALIGN (0x4)

.init_array     0x0800a36c        0x4
                0x0800a36c                        . = ALIGN (0x4)
                0x0800a36c                        PROVIDE (__init_array_start = .)
 *(SORT_BY_NAME(.init_array.*))
 *(.init_array*)
 .init_array    0x0800a36c        0x4 C:/ST/STM32CubeIDE_1.15.1/STM32CubeIDE/plugins/com.st.stm32cube.ide.mcu.externaltools.gnu-tools-for-stm32.12.3.rel1.win32_1.0.100.202403111256/tools/bin/../lib/gcc/arm-none-eabi/12.3.1/thumb/v7e-m+fp/hard/crtbegin.o
                0x0800a370                        PROVIDE (__init_array_end = .)
                0x0800a370                        . = ALIGN (0x4)

.fini_array     0x0800a370        0x4
                0x0800a370                        . = ALIGN (0x4)
                [!provide]                        PROVIDE (__fini_array_start = .)
 *(SORT_BY_NAME(.fini_array.*))
 *(.fini_array*)
 .fini_array    0x0800a370        0x4 C:/ST/STM32CubeIDE_1.15.1/STM32CubeIDE/plugins/com.st.stm32cube.ide.mcu.externaltools.gnu-tools-for-stm32.12.3.rel1.win32_1.0.100.202403111256/tools/bin/../lib/gcc/arm-none-eabi/12.3.1/thumb/v7e-m+fp/hard/crtbegin.o
                [!provide]                        PROVIDE (__fini_array_end = .)
                0x0800a374                        . = ALIGN (0x4)
                0x0800a374                        _sidata = LOADADDR (.data)

.rel.dyn        0x0800a374        0x0
 .rel.iplt      0x0800a374        0x0 C:/ST/STM32CubeIDE_1.15.1/STM32CubeIDE/plugins/com.st.stm32cube.ide.mcu.externaltools.gnu-tools-for-stm32.12.3.rel1.win32_1.0.100.202403111256/tools/bin/../lib/gcc/arm-none-eabi/12.3.1/thumb/v7e-m+fp/hard/crtbegin.o

.data           0x20000000       0x74 load address 0x0800a374
                0x20000000                        . = ALIGN (0x4)
                0x20000000                        _sdata = .
 *(.data)
 *(.data*)
 .data.Stat     0x20000000        0x1 ./Core/Src/fatfs_sd.o
 *fill*         0x20000001        0x3 
 .data.SystemCoreClock
                0x20000004        0x4 ./Core/Src/system_stm32f4xx.o
                0x20000004                SystemCoreClock
 .data.uwTickPrio
                0x20000008        0x4 ./Drivers/STM32F4xx_HAL_Driver/Src/stm32f4xx_hal.o
                0x20000008                uwTickPrio
 .data.uwTickFreq
                0x2000000c        0x1 ./Drivers/STM32F4xx_HAL_Driver/Src/stm32f4xx_hal.o
                0x2000000c                uwTickFreq
 *fill*         0x2000000d        0x3 
 .data.USER_Driver
                0x20000010       0x14 ./FATFS/Target/user_diskio.o
                0x20000010                USER_Driver
 .data._impure_ptr
                0x20000024        0x4 C:/ST/STM32CubeIDE_1.15.1/STM32CubeIDE/plugins/com.st.stm32cube.ide.mcu.externaltools.gnu-tools-for-stm32.12.3.rel1.win32_1.0.100.202403111256/tools/bin/../lib/gcc/arm-none-eabi/12.3.1/../../../../arm-none-eabi/lib/thumb/v7e-m+fp/hard\libc_nano.a(libc_a-impure.o)
                0x20000024                _impure_ptr
 .data._impure_data
                0x20000028       0x4c C:/ST/STM32CubeIDE_1.15.1/STM32CubeIDE/plugins/com.st.stm32cube.ide.mcu.externaltools.gnu-tools-for-stm32.12.3.rel1.win32_1.0.100.202403111256/tools/bin/../lib/gcc/arm-none-eabi/12.3.1/../../../../arm-none-eabi/lib/thumb/v7e-m+fp/hard\libc_nano.a(libc_a-impure.o)
                0x20000028                _impure_data
 *(.RamFunc)
 *(.RamFunc*)
                0x20000074                        . = ALIGN (0x4)
                0x20000074                        _edata = .

.igot.plt       0x20000074        0x0 load address 0x0800a3e8
 .igot.plt      0x20000074        0x0 C:/ST/STM32CubeIDE_1.15.1/STM32CubeIDE/plugins/com.st.stm32cube.ide.mcu.externaltools.gnu-tools-for-stm32.12.3.rel1.win32_1.0.100.202403111256/tools/bin/../lib/gcc/arm-none-eabi/12.3.1/thumb/v7e-m+fp/hard/crtbegin.o
                0x20000074                        . = ALIGN (0x4)

.bss            0x20000074     0x2698 load address 0x0800a3e8
                0x20000074                        _sbss = .
                0x20000074                        __bss_start__ = _sbss
 *(.bss)
 .bss           0x20000074       0x1c C:/ST/STM32CubeIDE_1.15.1/STM32CubeIDE/plugins/com.st.stm32cube.ide.mcu.externaltools.gnu-tools-for-stm32.12.3.rel1.win32_1.0.100.202403111256/tools/bin/../lib/gcc/arm-none-eabi/12.3.1/thumb/v7e-m+fp/hard/crtbegin.o
 *(.bss*)
 .bss.rxBuffer  0x20000090       0xc8 ./Core/Src/app.o
                0x20000090                rxBuffer
 .bss.time      0x20000158       0x1e ./Core/Src/app.o
                0x20000158                time
 *fill*         0x20000176        0x2 
 .bss.date      0x20000178       0x1e ./Core/Src/app.o
                0x20000178                date
 .bss.rx_index  0x20000196        0x2 ./Core/Src/app.o
                0x20000196                rx_index
 .bss.rx_data   0x20000198        0x1 ./Core/Src/app.o
                0x20000198                rx_data
 .bss.messageReceived
                0x20000199        0x1 ./Core/Src/app.o
                0x20000199                messageReceived
 .bss.sdCardsts
                0x2000019a        0x1 ./Core/Src/app.o
                0x2000019a                sdCardsts
 *fill*         0x2000019b        0x1 
 .bss.lastPressTime.0
                0x2000019c        0x4 ./Core/Src/app.o
 .bss.CardType  0x200001a0        0x1 ./Core/Src/fatfs_sd.o
 .bss.PowerFlag
                0x200001a1        0x1 ./Core/Src/fatfs_sd.o
 *fill*         0x200001a2        0x2 
 .bss.sTime     0x200001a4       0x14 ./Core/Src/keys.o
                0x200001a4                sTime
 .bss.sDate     0x200001b8        0x4 ./Core/Src/keys.o
                0x200001b8                sDate
 .bss.lastToggle.0
                0x200001bc        0x4 ./Core/Src/keys.o
 .bss.fs        0x200001c0     0x1038 ./Core/Src/main.o
                0x200001c0                fs
 .bss.fil       0x200011f8     0x1030 ./Core/Src/main.o
                0x200011f8                fil
 .bss.fresult   0x20002228        0x1 ./Core/Src/main.o
                0x20002228                fresult
 *fill*         0x20002229        0x3 
 .bss.hrtc      0x2000222c       0x20 ./Core/Src/main.o
                0x2000222c                hrtc
 .bss.filename  0x2000224c       0x28 ./Core/Src/main.o
                0x2000224c                filename
 .bss.hi2c1     0x20002274       0x54 ./Core/Src/main.o
                0x20002274                hi2c1
 .bss.hiwdg     0x200022c8        0xc ./Core/Src/main.o
                0x200022c8                hiwdg
 .bss.hspi1     0x200022d4       0x58 ./Core/Src/main.o
                0x200022d4                hspi1
 .bss.huart1    0x2000232c       0x48 ./Core/Src/main.o
                0x2000232c                huart1
 .bss.currentTime.1
                0x20002374        0x4 ./Core/Src/sdcard.o
 .bss.oldTime.0
                0x20002378        0x4 ./Core/Src/sdcard.o
 .bss.FatFsCnt  0x2000237c        0x1 ./Core/Src/stm32f4xx_it.o
                0x2000237c                FatFsCnt
 .bss.Timer1    0x2000237d        0x1 ./Core/Src/stm32f4xx_it.o
                0x2000237d                Timer1
 .bss.Timer2    0x2000237e        0x1 ./Core/Src/stm32f4xx_it.o
                0x2000237e                Timer2
 *fill*         0x2000237f        0x1 
 .bss.__sbrk_heap_end
                0x20002380        0x4 ./Core/Src/sysmem.o
 .bss.uwTick    0x20002384        0x4 ./Drivers/STM32F4xx_HAL_Driver/Src/stm32f4xx_hal.o
                0x20002384                uwTick
 .bss.retUSER   0x20002388        0x1 ./FATFS/App/fatfs.o
                0x20002388                retUSER
 *fill*         0x20002389        0x3 
 .bss.USERPath  0x2000238c        0x4 ./FATFS/App/fatfs.o
                0x2000238c                USERPath
 .bss.FatFs     0x20002390        0x4 ./Middlewares/Third_Party/FatFs/src/ff.o
 .bss.Fsid      0x20002394        0x2 ./Middlewares/Third_Party/FatFs/src/ff.o
 *fill*         0x20002396        0x2 
 .bss.Files     0x20002398       0x20 ./Middlewares/Third_Party/FatFs/src/ff.o
 .bss.LfnBuf    0x200023b8      0x200 ./Middlewares/Third_Party/FatFs/src/ff.o
 .bss.disk      0x200025b8        0xc ./Middlewares/Third_Party/FatFs/src/ff_gen_drv.o
                0x200025b8                disk
 .bss.__sf      0x200025c4      0x138 C:/ST/STM32CubeIDE_1.15.1/STM32CubeIDE/plugins/com.st.stm32cube.ide.mcu.externaltools.gnu-tools-for-stm32.12.3.rel1.win32_1.0.100.202403111256/tools/bin/../lib/gcc/arm-none-eabi/12.3.1/../../../../arm-none-eabi/lib/thumb/v7e-m+fp/hard\libc_nano.a(libc_a-findfp.o)
                0x200025c4                __sf
 .bss.errno     0x200026fc        0x4 C:/ST/STM32CubeIDE_1.15.1/STM32CubeIDE/plugins/com.st.stm32cube.ide.mcu.externaltools.gnu-tools-for-stm32.12.3.rel1.win32_1.0.100.202403111256/tools/bin/../lib/gcc/arm-none-eabi/12.3.1/../../../../arm-none-eabi/lib/thumb/v7e-m+fp/hard\libc_nano.a(libc_a-reent.o)
                0x200026fc                errno
 .bss.__lock___malloc_recursive_mutex
                0x20002700        0x1 C:/ST/STM32CubeIDE_1.15.1/STM32CubeIDE/plugins/com.st.stm32cube.ide.mcu.externaltools.gnu-tools-for-stm32.12.3.rel1.win32_1.0.100.202403111256/tools/bin/../lib/gcc/arm-none-eabi/12.3.1/../../../../arm-none-eabi/lib/thumb/v7e-m+fp/hard\libc_nano.a(libc_a-lock.o)
                0x20002700                __lock___malloc_recursive_mutex
 *fill*         0x20002701        0x3 
 .bss.__malloc_sbrk_start
                0x20002704        0x4 C:/ST/STM32CubeIDE_1.15.1/STM32CubeIDE/plugins/com.st.stm32cube.ide.mcu.externaltools.gnu-tools-for-stm32.12.3.rel1.win32_1.0.100.202403111256/tools/bin/../lib/gcc/arm-none-eabi/12.3.1/../../../../arm-none-eabi/lib/thumb/v7e-m+fp/hard\libc_nano.a(libc_a-mallocr.o)
                0x20002704                __malloc_sbrk_start
 .bss.__malloc_free_list
                0x20002708        0x4 C:/ST/STM32CubeIDE_1.15.1/STM32CubeIDE/plugins/com.st.stm32cube.ide.mcu.externaltools.gnu-tools-for-stm32.12.3.rel1.win32_1.0.100.202403111256/tools/bin/../lib/gcc/arm-none-eabi/12.3.1/../../../../arm-none-eabi/lib/thumb/v7e-m+fp/hard\libc_nano.a(libc_a-mallocr.o)
                0x20002708                __malloc_free_list
 *(COMMON)
                0x2000270c                        . = ALIGN (0x4)
                0x2000270c                        _ebss = .
                0x2000270c                        __bss_end__ = _ebss

._user_heap_stack
                0x2000270c      0x604 load address 0x0800a3e8
                0x20002710                        . = ALIGN (0x8)
 *fill*         0x2000270c        0x4 
                [!provide]                        PROVIDE (end = .)
                0x20002710                        PROVIDE (_end = .)
                0x20002910                        . = (. + _Min_Heap_Size)
 *fill*         0x20002710      0x200 
                0x20002d10                        . = (. + _Min_Stack_Size)
 *fill*         0x20002910      0x400 
                0x20002d10                        . = ALIGN (0x8)

/DISCARD/
 libc.a(*)
 libm.a(*)
 libgcc.a(*)

.ARM.attributes
                0x00000000       0x30
 *(.ARM.attributes)
 .ARM.attributes
                0x00000000       0x22 C:/ST/STM32CubeIDE_1.15.1/STM32CubeIDE/plugins/com.st.stm32cube.ide.mcu.externaltools.gnu-tools-for-stm32.12.3.rel1.win32_1.0.100.202403111256/tools/bin/../lib/gcc/arm-none-eabi/12.3.1/thumb/v7e-m+fp/hard/crti.o
 .ARM.attributes
                0x00000022       0x34 C:/ST/STM32CubeIDE_1.15.1/STM32CubeIDE/plugins/com.st.stm32cube.ide.mcu.externaltools.gnu-tools-for-stm32.12.3.rel1.win32_1.0.100.202403111256/tools/bin/../lib/gcc/arm-none-eabi/12.3.1/thumb/v7e-m+fp/hard/crtbegin.o
 .ARM.attributes
                0x00000056       0x34 ./Core/Src/app.o
 .ARM.attributes
                0x0000008a       0x34 ./Core/Src/fatfs_sd.o
 .ARM.attributes
                0x000000be       0x34 ./Core/Src/i2c-lcd.o
 .ARM.attributes
                0x000000f2       0x34 ./Core/Src/keys.o
 .ARM.attributes
                0x00000126       0x34 ./Core/Src/main.o
 .ARM.attributes
                0x0000015a       0x34 ./Core/Src/rtc.o
 .ARM.attributes
                0x0000018e       0x34 ./Core/Src/sdcard.o
 .ARM.attributes
                0x000001c2       0x34 ./Core/Src/stm32f4xx_hal_msp.o
 .ARM.attributes
                0x000001f6       0x34 ./Core/Src/stm32f4xx_it.o
 .ARM.attributes
                0x0000022a       0x34 ./Core/Src/sysmem.o
 .ARM.attributes
                0x0000025e       0x34 ./Core/Src/system_stm32f4xx.o
 .ARM.attributes
                0x00000292       0x21 ./Core/Startup/startup_stm32f411ceux.o
 .ARM.attributes
                0x000002b3       0x34 ./Drivers/STM32F4xx_HAL_Driver/Src/stm32f4xx_hal.o
 .ARM.attributes
                0x000002e7       0x34 ./Drivers/STM32F4xx_HAL_Driver/Src/stm32f4xx_hal_cortex.o
 .ARM.attributes
                0x0000031b       0x34 ./Drivers/STM32F4xx_HAL_Driver/Src/stm32f4xx_hal_dma.o
 .ARM.attributes
                0x0000034f       0x34 ./Drivers/STM32F4xx_HAL_Driver/Src/stm32f4xx_hal_gpio.o
 .ARM.attributes
                0x00000383       0x34 ./Drivers/STM32F4xx_HAL_Driver/Src/stm32f4xx_hal_i2c.o
 .ARM.attributes
                0x000003b7       0x34 ./Drivers/STM32F4xx_HAL_Driver/Src/stm32f4xx_hal_iwdg.o
 .ARM.attributes
                0x000003eb       0x34 ./Drivers/STM32F4xx_HAL_Driver/Src/stm32f4xx_hal_pwr.o
 .ARM.attributes
                0x0000041f       0x34 ./Drivers/STM32F4xx_HAL_Driver/Src/stm32f4xx_hal_rcc.o
 .ARM.attributes
                0x00000453       0x34 ./Drivers/STM32F4xx_HAL_Driver/Src/stm32f4xx_hal_rcc_ex.o
 .ARM.attributes
                0x00000487       0x34 ./Drivers/STM32F4xx_HAL_Driver/Src/stm32f4xx_hal_rtc.o
 .ARM.attributes
                0x000004bb       0x34 ./Drivers/STM32F4xx_HAL_Driver/Src/stm32f4xx_hal_rtc_ex.o
 .ARM.attributes
                0x000004ef       0x34 ./Drivers/STM32F4xx_HAL_Driver/Src/stm32f4xx_hal_spi.o
 .ARM.attributes
                0x00000523       0x34 ./Drivers/STM32F4xx_HAL_Driver/Src/stm32f4xx_hal_uart.o
 .ARM.attributes
                0x00000557       0x34 ./FATFS/App/fatfs.o
 .ARM.attributes
                0x0000058b       0x34 ./FATFS/Target/user_diskio.o
 .ARM.attributes
                0x000005bf       0x34 ./Middlewares/Third_Party/FatFs/src/diskio.o
 .ARM.attributes
                0x000005f3       0x34 ./Middlewares/Third_Party/FatFs/src/ff.o
 .ARM.attributes
                0x00000627       0x34 ./Middlewares/Third_Party/FatFs/src/ff_gen_drv.o
 .ARM.attributes
                0x0000065b       0x34 ./Middlewares/Third_Party/FatFs/src/option/ccsbcs.o
 .ARM.attributes
                0x0000068f       0x34 C:/ST/STM32CubeIDE_1.15.1/STM32CubeIDE/plugins/com.st.stm32cube.ide.mcu.externaltools.gnu-tools-for-stm32.12.3.rel1.win32_1.0.100.202403111256/tools/bin/../lib/gcc/arm-none-eabi/12.3.1/../../../../arm-none-eabi/lib/thumb/v7e-m+fp/hard\libc_nano.a(libc_a-findfp.o)
 .ARM.attributes
                0x000006c3       0x34 C:/ST/STM32CubeIDE_1.15.1/STM32CubeIDE/plugins/com.st.stm32cube.ide.mcu.externaltools.gnu-tools-for-stm32.12.3.rel1.win32_1.0.100.202403111256/tools/bin/../lib/gcc/arm-none-eabi/12.3.1/../../../../arm-none-eabi/lib/thumb/v7e-m+fp/hard\libc_nano.a(libc_a-sprintf.o)
 .ARM.attributes
                0x000006f7       0x34 C:/ST/STM32CubeIDE_1.15.1/STM32CubeIDE/plugins/com.st.stm32cube.ide.mcu.externaltools.gnu-tools-for-stm32.12.3.rel1.win32_1.0.100.202403111256/tools/bin/../lib/gcc/arm-none-eabi/12.3.1/../../../../arm-none-eabi/lib/thumb/v7e-m+fp/hard\libc_nano.a(libc_a-memset.o)
 .ARM.attributes
                0x0000072b       0x34 C:/ST/STM32CubeIDE_1.15.1/STM32CubeIDE/plugins/com.st.stm32cube.ide.mcu.externaltools.gnu-tools-for-stm32.12.3.rel1.win32_1.0.100.202403111256/tools/bin/../lib/gcc/arm-none-eabi/12.3.1/../../../../arm-none-eabi/lib/thumb/v7e-m+fp/hard\libc_nano.a(libc_a-reent.o)
 .ARM.attributes
                0x0000075f       0x34 C:/ST/STM32CubeIDE_1.15.1/STM32CubeIDE/plugins/com.st.stm32cube.ide.mcu.externaltools.gnu-tools-for-stm32.12.3.rel1.win32_1.0.100.202403111256/tools/bin/../lib/gcc/arm-none-eabi/12.3.1/../../../../arm-none-eabi/lib/thumb/v7e-m+fp/hard\libc_nano.a(libc_a-impure.o)
 .ARM.attributes
                0x00000793       0x34 C:/ST/STM32CubeIDE_1.15.1/STM32CubeIDE/plugins/com.st.stm32cube.ide.mcu.externaltools.gnu-tools-for-stm32.12.3.rel1.win32_1.0.100.202403111256/tools/bin/../lib/gcc/arm-none-eabi/12.3.1/../../../../arm-none-eabi/lib/thumb/v7e-m+fp/hard\libc_nano.a(libc_a-errno.o)
 .ARM.attributes
                0x000007c7       0x34 C:/ST/STM32CubeIDE_1.15.1/STM32CubeIDE/plugins/com.st.stm32cube.ide.mcu.externaltools.gnu-tools-for-stm32.12.3.rel1.win32_1.0.100.202403111256/tools/bin/../lib/gcc/arm-none-eabi/12.3.1/../../../../arm-none-eabi/lib/thumb/v7e-m+fp/hard\libc_nano.a(libc_a-init.o)
 .ARM.attributes
                0x000007fb       0x34 C:/ST/STM32CubeIDE_1.15.1/STM32CubeIDE/plugins/com.st.stm32cube.ide.mcu.externaltools.gnu-tools-for-stm32.12.3.rel1.win32_1.0.100.202403111256/tools/bin/../lib/gcc/arm-none-eabi/12.3.1/../../../../arm-none-eabi/lib/thumb/v7e-m+fp/hard\libc_nano.a(libc_a-lock.o)
 .ARM.attributes
                0x0000082f       0x17 C:/ST/STM32CubeIDE_1.15.1/STM32CubeIDE/plugins/com.st.stm32cube.ide.mcu.externaltools.gnu-tools-for-stm32.12.3.rel1.win32_1.0.100.202403111256/tools/bin/../lib/gcc/arm-none-eabi/12.3.1/../../../../arm-none-eabi/lib/thumb/v7e-m+fp/hard\libc_nano.a(libc_a-strlen.o)
 .ARM.attributes
                0x00000846       0x34 C:/ST/STM32CubeIDE_1.15.1/STM32CubeIDE/plugins/com.st.stm32cube.ide.mcu.externaltools.gnu-tools-for-stm32.12.3.rel1.win32_1.0.100.202403111256/tools/bin/../lib/gcc/arm-none-eabi/12.3.1/../../../../arm-none-eabi/lib/thumb/v7e-m+fp/hard\libc_nano.a(libc_a-freer.o)
 .ARM.attributes
                0x0000087a       0x34 C:/ST/STM32CubeIDE_1.15.1/STM32CubeIDE/plugins/com.st.stm32cube.ide.mcu.externaltools.gnu-tools-for-stm32.12.3.rel1.win32_1.0.100.202403111256/tools/bin/../lib/gcc/arm-none-eabi/12.3.1/../../../../arm-none-eabi/lib/thumb/v7e-m+fp/hard\libc_nano.a(libc_a-mallocr.o)
 .ARM.attributes
                0x000008ae       0x34 C:/ST/STM32CubeIDE_1.15.1/STM32CubeIDE/plugins/com.st.stm32cube.ide.mcu.externaltools.gnu-tools-for-stm32.12.3.rel1.win32_1.0.100.202403111256/tools/bin/../lib/gcc/arm-none-eabi/12.3.1/../../../../arm-none-eabi/lib/thumb/v7e-m+fp/hard\libc_nano.a(libc_a-mlock.o)
 .ARM.attributes
                0x000008e2       0x34 C:/ST/STM32CubeIDE_1.15.1/STM32CubeIDE/plugins/com.st.stm32cube.ide.mcu.externaltools.gnu-tools-for-stm32.12.3.rel1.win32_1.0.100.202403111256/tools/bin/../lib/gcc/arm-none-eabi/12.3.1/../../../../arm-none-eabi/lib/thumb/v7e-m+fp/hard\libc_nano.a(libc_a-nano-svfprintf.o)
 .ARM.attributes
                0x00000916       0x34 C:/ST/STM32CubeIDE_1.15.1/STM32CubeIDE/plugins/com.st.stm32cube.ide.mcu.externaltools.gnu-tools-for-stm32.12.3.rel1.win32_1.0.100.202403111256/tools/bin/../lib/gcc/arm-none-eabi/12.3.1/../../../../arm-none-eabi/lib/thumb/v7e-m+fp/hard\libc_nano.a(libc_a-nano-vfprintf_i.o)
 .ARM.attributes
                0x0000094a       0x34 C:/ST/STM32CubeIDE_1.15.1/STM32CubeIDE/plugins/com.st.stm32cube.ide.mcu.externaltools.gnu-tools-for-stm32.12.3.rel1.win32_1.0.100.202403111256/tools/bin/../lib/gcc/arm-none-eabi/12.3.1/../../../../arm-none-eabi/lib/thumb/v7e-m+fp/hard\libc_nano.a(libc_a-memmove.o)
 .ARM.attributes
                0x0000097e       0x34 C:/ST/STM32CubeIDE_1.15.1/STM32CubeIDE/plugins/com.st.stm32cube.ide.mcu.externaltools.gnu-tools-for-stm32.12.3.rel1.win32_1.0.100.202403111256/tools/bin/../lib/gcc/arm-none-eabi/12.3.1/../../../../arm-none-eabi/lib/thumb/v7e-m+fp/hard\libc_nano.a(libc_a-sbrkr.o)
 .ARM.attributes
                0x000009b2       0x1c C:/ST/STM32CubeIDE_1.15.1/STM32CubeIDE/plugins/com.st.stm32cube.ide.mcu.externaltools.gnu-tools-for-stm32.12.3.rel1.win32_1.0.100.202403111256/tools/bin/../lib/gcc/arm-none-eabi/12.3.1/../../../../arm-none-eabi/lib/thumb/v7e-m+fp/hard\libc_nano.a(libc_a-memchr.o)
 .ARM.attributes
                0x000009ce       0x34 C:/ST/STM32CubeIDE_1.15.1/STM32CubeIDE/plugins/com.st.stm32cube.ide.mcu.externaltools.gnu-tools-for-stm32.12.3.rel1.win32_1.0.100.202403111256/tools/bin/../lib/gcc/arm-none-eabi/12.3.1/../../../../arm-none-eabi/lib/thumb/v7e-m+fp/hard\libc_nano.a(libc_a-memcpy-stub.o)
 .ARM.attributes
                0x00000a02       0x34 C:/ST/STM32CubeIDE_1.15.1/STM32CubeIDE/plugins/com.st.stm32cube.ide.mcu.externaltools.gnu-tools-for-stm32.12.3.rel1.win32_1.0.100.202403111256/tools/bin/../lib/gcc/arm-none-eabi/12.3.1/../../../../arm-none-eabi/lib/thumb/v7e-m+fp/hard\libc_nano.a(libc_a-reallocr.o)
 .ARM.attributes
                0x00000a36       0x34 C:/ST/STM32CubeIDE_1.15.1/STM32CubeIDE/plugins/com.st.stm32cube.ide.mcu.externaltools.gnu-tools-for-stm32.12.3.rel1.win32_1.0.100.202403111256/tools/bin/../lib/gcc/arm-none-eabi/12.3.1/../../../../arm-none-eabi/lib/thumb/v7e-m+fp/hard\libc_nano.a(libc_a-msizer.o)
 .ARM.attributes
                0x00000a6a       0x22 C:/ST/STM32CubeIDE_1.15.1/STM32CubeIDE/plugins/com.st.stm32cube.ide.mcu.externaltools.gnu-tools-for-stm32.12.3.rel1.win32_1.0.100.202403111256/tools/bin/../lib/gcc/arm-none-eabi/12.3.1/thumb/v7e-m+fp/hard\libgcc.a(_aeabi_uldivmod.o)
 .ARM.attributes
                0x00000a8c       0x34 C:/ST/STM32CubeIDE_1.15.1/STM32CubeIDE/plugins/com.st.stm32cube.ide.mcu.externaltools.gnu-tools-for-stm32.12.3.rel1.win32_1.0.100.202403111256/tools/bin/../lib/gcc/arm-none-eabi/12.3.1/thumb/v7e-m+fp/hard\libgcc.a(_udivmoddi4.o)
 .ARM.attributes
                0x00000ac0       0x22 C:/ST/STM32CubeIDE_1.15.1/STM32CubeIDE/plugins/com.st.stm32cube.ide.mcu.externaltools.gnu-tools-for-stm32.12.3.rel1.win32_1.0.100.202403111256/tools/bin/../lib/gcc/arm-none-eabi/12.3.1/thumb/v7e-m+fp/hard\libgcc.a(_dvmd_tls.o)
 .ARM.attributes
                0x00000ae2       0x22 C:/ST/STM32CubeIDE_1.15.1/STM32CubeIDE/plugins/com.st.stm32cube.ide.mcu.externaltools.gnu-tools-for-stm32.12.3.rel1.win32_1.0.100.202403111256/tools/bin/../lib/gcc/arm-none-eabi/12.3.1/thumb/v7e-m+fp/hard/crtn.o
OUTPUT(SDCARD_LOGGER.elf elf32-littlearm)
LOAD linker stubs
LOAD C:/ST/STM32CubeIDE_1.15.1/STM32CubeIDE/plugins/com.st.stm32cube.ide.mcu.externaltools.gnu-tools-for-stm32.12.3.rel1.win32_1.0.100.202403111256/tools/bin/../lib/gcc/arm-none-eabi/12.3.1/../../../../arm-none-eabi/lib/thumb/v7e-m+fp/hard\libc.a
LOAD C:/ST/STM32CubeIDE_1.15.1/STM32CubeIDE/plugins/com.st.stm32cube.ide.mcu.externaltools.gnu-tools-for-stm32.12.3.rel1.win32_1.0.100.202403111256/tools/bin/../lib/gcc/arm-none-eabi/12.3.1/../../../../arm-none-eabi/lib/thumb/v7e-m+fp/hard\libm.a
LOAD C:/ST/STM32CubeIDE_1.15.1/STM32CubeIDE/plugins/com.st.stm32cube.ide.mcu.externaltools.gnu-tools-for-stm32.12.3.rel1.win32_1.0.100.202403111256/tools/bin/../lib/gcc/arm-none-eabi/12.3.1/thumb/v7e-m+fp/hard\libgcc.a

.debug_info     0x00000000    0x17264
 .debug_info    0x00000000      0xc20 ./Core/Src/app.o
 .debug_info    0x00000c20      0xc38 ./Core/Src/fatfs_sd.o
 .debug_info    0x00001858      0x78e ./Core/Src/i2c-lcd.o
 .debug_info    0x00001fe6      0x8c9 ./Core/Src/keys.o
 .debug_info    0x000028af     0x1a10 ./Core/Src/main.o
 .debug_info    0x000042bf      0x6d9 ./Core/Src/rtc.o
 .debug_info    0x00004998      0xd56 ./Core/Src/sdcard.o
 .debug_info    0x000056ee     0x15f4 ./Core/Src/stm32f4xx_hal_msp.o
 .debug_info    0x00006ce2      0x688 ./Core/Src/stm32f4xx_it.o
 .debug_info    0x0000736a      0x168 ./Core/Src/sysmem.o
 .debug_info    0x000074d2      0x53e ./Core/Src/system_stm32f4xx.o
 .debug_info    0x00007a10       0x30 ./Core/Startup/startup_stm32f411ceux.o
 .debug_info    0x00007a40      0x8c4 ./Drivers/STM32F4xx_HAL_Driver/Src/stm32f4xx_hal.o
 .debug_info    0x00008304      0xcfc ./Drivers/STM32F4xx_HAL_Driver/Src/stm32f4xx_hal_cortex.o
 .debug_info    0x00009000      0x8e6 ./Drivers/STM32F4xx_HAL_Driver/Src/stm32f4xx_hal_dma.o
 .debug_info    0x000098e6      0x6f9 ./Drivers/STM32F4xx_HAL_Driver/Src/stm32f4xx_hal_gpio.o
 .debug_info    0x00009fdf     0x2426 ./Drivers/STM32F4xx_HAL_Driver/Src/stm32f4xx_hal_i2c.o
 .debug_info    0x0000c405      0x1d8 ./Drivers/STM32F4xx_HAL_Driver/Src/stm32f4xx_hal_iwdg.o
 .debug_info    0x0000c5dd      0x71b ./Drivers/STM32F4xx_HAL_Driver/Src/stm32f4xx_hal_pwr.o
 .debug_info    0x0000ccf8      0x8f0 ./Drivers/STM32F4xx_HAL_Driver/Src/stm32f4xx_hal_rcc.o
 .debug_info    0x0000d5e8      0x5a1 ./Drivers/STM32F4xx_HAL_Driver/Src/stm32f4xx_hal_rcc_ex.o
 .debug_info    0x0000db89      0xc43 ./Drivers/STM32F4xx_HAL_Driver/Src/stm32f4xx_hal_rtc.o
 .debug_info    0x0000e7cc      0xe57 ./Drivers/STM32F4xx_HAL_Driver/Src/stm32f4xx_hal_rtc_ex.o
 .debug_info    0x0000f623     0x1530 ./Drivers/STM32F4xx_HAL_Driver/Src/stm32f4xx_hal_spi.o
 .debug_info    0x00010b53     0x2f56 ./Drivers/STM32F4xx_HAL_Driver/Src/stm32f4xx_hal_uart.o
 .debug_info    0x00013aa9      0x508 ./FATFS/App/fatfs.o
 .debug_info    0x00013fb1      0x3ad ./FATFS/Target/user_diskio.o
 .debug_info    0x0001435e      0x3df ./Middlewares/Third_Party/FatFs/src/diskio.o
 .debug_info    0x0001473d     0x25ef ./Middlewares/Third_Party/FatFs/src/ff.o
 .debug_info    0x00016d2c      0x37f ./Middlewares/Third_Party/FatFs/src/ff_gen_drv.o
 .debug_info    0x000170ab      0x1b9 ./Middlewares/Third_Party/FatFs/src/option/ccsbcs.o

.debug_abbrev   0x00000000     0x3ca1
 .debug_abbrev  0x00000000      0x281 ./Core/Src/app.o
 .debug_abbrev  0x00000281      0x2da ./Core/Src/fatfs_sd.o
 .debug_abbrev  0x0000055b      0x1fa ./Core/Src/i2c-lcd.o
 .debug_abbrev  0x00000755      0x200 ./Core/Src/keys.o
 .debug_abbrev  0x00000955      0x329 ./Core/Src/main.o
 .debug_abbrev  0x00000c7e      0x1bf ./Core/Src/rtc.o
 .debug_abbrev  0x00000e3d      0x252 ./Core/Src/sdcard.o
 .debug_abbrev  0x0000108f      0x24d ./Core/Src/stm32f4xx_hal_msp.o
 .debug_abbrev  0x000012dc      0x196 ./Core/Src/stm32f4xx_it.o
 .debug_abbrev  0x00001472       0xbc ./Core/Src/sysmem.o
 .debug_abbrev  0x0000152e      0x11a ./Core/Src/system_stm32f4xx.o
 .debug_abbrev  0x00001648       0x24 ./Core/Startup/startup_stm32f411ceux.o
 .debug_abbrev  0x0000166c      0x24b ./Drivers/STM32F4xx_HAL_Driver/Src/stm32f4xx_hal.o
 .debug_abbrev  0x000018b7      0x31d ./Drivers/STM32F4xx_HAL_Driver/Src/stm32f4xx_hal_cortex.o
 .debug_abbrev  0x00001bd4      0x221 ./Drivers/STM32F4xx_HAL_Driver/Src/stm32f4xx_hal_dma.o
 .debug_abbrev  0x00001df5      0x1d3 ./Drivers/STM32F4xx_HAL_Driver/Src/stm32f4xx_hal_gpio.o
 .debug_abbrev  0x00001fc8      0x2bc ./Drivers/STM32F4xx_HAL_Driver/Src/stm32f4xx_hal_i2c.o
 .debug_abbrev  0x00002284      0x12c ./Drivers/STM32F4xx_HAL_Driver/Src/stm32f4xx_hal_iwdg.o
 .debug_abbrev  0x000023b0      0x1ae ./Drivers/STM32F4xx_HAL_Driver/Src/stm32f4xx_hal_pwr.o
 .debug_abbrev  0x0000255e      0x2b6 ./Drivers/STM32F4xx_HAL_Driver/Src/stm32f4xx_hal_rcc.o
 .debug_abbrev  0x00002814      0x1b2 ./Drivers/STM32F4xx_HAL_Driver/Src/stm32f4xx_hal_rcc_ex.o
 .debug_abbrev  0x000029c6      0x1fb ./Drivers/STM32F4xx_HAL_Driver/Src/stm32f4xx_hal_rtc.o
 .debug_abbrev  0x00002bc1      0x216 ./Drivers/STM32F4xx_HAL_Driver/Src/stm32f4xx_hal_rtc_ex.o
 .debug_abbrev  0x00002dd7      0x276 ./Drivers/STM32F4xx_HAL_Driver/Src/stm32f4xx_hal_spi.o
 .debug_abbrev  0x0000304d      0x31b ./Drivers/STM32F4xx_HAL_Driver/Src/stm32f4xx_hal_uart.o
 .debug_abbrev  0x00003368      0x15e ./FATFS/App/fatfs.o
 .debug_abbrev  0x000034c6      0x153 ./FATFS/Target/user_diskio.o
 .debug_abbrev  0x00003619      0x181 ./Middlewares/Third_Party/FatFs/src/diskio.o
 .debug_abbrev  0x0000379a      0x28a ./Middlewares/Third_Party/FatFs/src/ff.o
 .debug_abbrev  0x00003a24      0x19f ./Middlewares/Third_Party/FatFs/src/ff_gen_drv.o
 .debug_abbrev  0x00003bc3       0xde ./Middlewares/Third_Party/FatFs/src/option/ccsbcs.o

.debug_aranges  0x00000000     0x13f8
 .debug_aranges
                0x00000000       0x40 ./Core/Src/app.o
 .debug_aranges
                0x00000040       0xa8 ./Core/Src/fatfs_sd.o
 .debug_aranges
                0x000000e8       0x48 ./Core/Src/i2c-lcd.o
 .debug_aranges
                0x00000130       0x30 ./Core/Src/keys.o
 .debug_aranges
                0x00000160       0x58 ./Core/Src/main.o
 .debug_aranges
                0x000001b8       0x50 ./Core/Src/rtc.o
 .debug_aranges
                0x00000208       0x38 ./Core/Src/sdcard.o
 .debug_aranges
                0x00000240       0x60 ./Core/Src/stm32f4xx_hal_msp.o
 .debug_aranges
                0x000002a0       0x70 ./Core/Src/stm32f4xx_it.o
 .debug_aranges
                0x00000310       0x20 ./Core/Src/sysmem.o
 .debug_aranges
                0x00000330       0x28 ./Core/Src/system_stm32f4xx.o
 .debug_aranges
                0x00000358       0x28 ./Core/Startup/startup_stm32f411ceux.o
 .debug_aranges
                0x00000380       0xf0 ./Drivers/STM32F4xx_HAL_Driver/Src/stm32f4xx_hal.o
 .debug_aranges
                0x00000470      0x130 ./Drivers/STM32F4xx_HAL_Driver/Src/stm32f4xx_hal_cortex.o
 .debug_aranges
                0x000005a0       0x90 ./Drivers/STM32F4xx_HAL_Driver/Src/stm32f4xx_hal_dma.o
 .debug_aranges
                0x00000630       0x58 ./Drivers/STM32F4xx_HAL_Driver/Src/stm32f4xx_hal_gpio.o
 .debug_aranges
                0x00000688      0x2a8 ./Drivers/STM32F4xx_HAL_Driver/Src/stm32f4xx_hal_i2c.o
 .debug_aranges
                0x00000930       0x28 ./Drivers/STM32F4xx_HAL_Driver/Src/stm32f4xx_hal_iwdg.o
 .debug_aranges
                0x00000958       0xa0 ./Drivers/STM32F4xx_HAL_Driver/Src/stm32f4xx_hal_pwr.o
 .debug_aranges
                0x000009f8       0x88 ./Drivers/STM32F4xx_HAL_Driver/Src/stm32f4xx_hal_rcc.o
 .debug_aranges
                0x00000a80       0x50 ./Drivers/STM32F4xx_HAL_Driver/Src/stm32f4xx_hal_rcc_ex.o
 .debug_aranges
                0x00000ad0       0xe8 ./Drivers/STM32F4xx_HAL_Driver/Src/stm32f4xx_hal_rtc.o
 .debug_aranges
                0x00000bb8      0x120 ./Drivers/STM32F4xx_HAL_Driver/Src/stm32f4xx_hal_rtc_ex.o
 .debug_aranges
                0x00000cd8      0x1d0 ./Drivers/STM32F4xx_HAL_Driver/Src/stm32f4xx_hal_spi.o
 .debug_aranges
                0x00000ea8      0x208 ./Drivers/STM32F4xx_HAL_Driver/Src/stm32f4xx_hal_uart.o
 .debug_aranges
                0x000010b0       0x28 ./FATFS/App/fatfs.o
 .debug_aranges
                0x000010d8       0x40 ./FATFS/Target/user_diskio.o
 .debug_aranges
                0x00001118       0x48 ./Middlewares/Third_Party/FatFs/src/diskio.o
 .debug_aranges
                0x00001160      0x230 ./Middlewares/Third_Party/FatFs/src/ff.o
 .debug_aranges
                0x00001390       0x40 ./Middlewares/Third_Party/FatFs/src/ff_gen_drv.o
 .debug_aranges
                0x000013d0       0x28 ./Middlewares/Third_Party/FatFs/src/option/ccsbcs.o

.debug_rnglists
                0x00000000      0xf71
 .debug_rnglists
                0x00000000       0x2c ./Core/Src/app.o
 .debug_rnglists
                0x0000002c       0x80 ./Core/Src/fatfs_sd.o
 .debug_rnglists
                0x000000ac       0x31 ./Core/Src/i2c-lcd.o
 .debug_rnglists
                0x000000dd       0x30 ./Core/Src/keys.o
 .debug_rnglists
                0x0000010d       0x3f ./Core/Src/main.o
 .debug_rnglists
                0x0000014c       0x38 ./Core/Src/rtc.o
 .debug_rnglists
                0x00000184       0x27 ./Core/Src/sdcard.o
 .debug_rnglists
                0x000001ab       0x46 ./Core/Src/stm32f4xx_hal_msp.o
 .debug_rnglists
                0x000001f1       0x4f ./Core/Src/stm32f4xx_it.o
 .debug_rnglists
                0x00000240       0x13 ./Core/Src/sysmem.o
 .debug_rnglists
                0x00000253       0x1a ./Core/Src/system_stm32f4xx.o
 .debug_rnglists
                0x0000026d       0x19 ./Core/Startup/startup_stm32f411ceux.o
 .debug_rnglists
                0x00000286       0xaf ./Drivers/STM32F4xx_HAL_Driver/Src/stm32f4xx_hal.o
 .debug_rnglists
                0x00000335       0xe0 ./Drivers/STM32F4xx_HAL_Driver/Src/stm32f4xx_hal_cortex.o
 .debug_rnglists
                0x00000415       0x70 ./Drivers/STM32F4xx_HAL_Driver/Src/stm32f4xx_hal_dma.o
 .debug_rnglists
                0x00000485       0x3f ./Drivers/STM32F4xx_HAL_Driver/Src/stm32f4xx_hal_gpio.o
 .debug_rnglists
                0x000004c4      0x23c ./Drivers/STM32F4xx_HAL_Driver/Src/stm32f4xx_hal_i2c.o
 .debug_rnglists
                0x00000700       0x1a ./Drivers/STM32F4xx_HAL_Driver/Src/stm32f4xx_hal_iwdg.o
 .debug_rnglists
                0x0000071a       0x74 ./Drivers/STM32F4xx_HAL_Driver/Src/stm32f4xx_hal_pwr.o
 .debug_rnglists
                0x0000078e       0x66 ./Drivers/STM32F4xx_HAL_Driver/Src/stm32f4xx_hal_rcc.o
 .debug_rnglists
                0x000007f4       0x3c ./Drivers/STM32F4xx_HAL_Driver/Src/stm32f4xx_hal_rcc_ex.o
 .debug_rnglists
                0x00000830       0xb4 ./Drivers/STM32F4xx_HAL_Driver/Src/stm32f4xx_hal_rtc.o
 .debug_rnglists
                0x000008e4       0xe1 ./Drivers/STM32F4xx_HAL_Driver/Src/stm32f4xx_hal_rtc_ex.o
 .debug_rnglists
                0x000009c5      0x16f ./Drivers/STM32F4xx_HAL_Driver/Src/stm32f4xx_hal_spi.o
 .debug_rnglists
                0x00000b34      0x1bc ./Drivers/STM32F4xx_HAL_Driver/Src/stm32f4xx_hal_uart.o
 .debug_rnglists
                0x00000cf0       0x19 ./FATFS/App/fatfs.o
 .debug_rnglists
                0x00000d09       0x2b ./FATFS/Target/user_diskio.o
 .debug_rnglists
                0x00000d34       0x31 ./Middlewares/Third_Party/FatFs/src/diskio.o
 .debug_rnglists
                0x00000d65      0x1c6 ./Middlewares/Third_Party/FatFs/src/ff.o
 .debug_rnglists
                0x00000f2b       0x2c ./Middlewares/Third_Party/FatFs/src/ff_gen_drv.o
 .debug_rnglists
                0x00000f57       0x1a ./Middlewares/Third_Party/FatFs/src/option/ccsbcs.o

.debug_macro    0x00000000    0x1ac80
 .debug_macro   0x00000000      0x3fc ./Core/Src/app.o
 .debug_macro   0x000003fc      0xab4 ./Core/Src/app.o
 .debug_macro   0x00000eb0       0x22 ./Core/Src/app.o
 .debug_macro   0x00000ed2       0x5b ./Core/Src/app.o
 .debug_macro   0x00000f2d       0x2a ./Core/Src/app.o
 .debug_macro   0x00000f57       0x94 ./Core/Src/app.o
 .debug_macro   0x00000feb       0x43 ./Core/Src/app.o
 .debug_macro   0x0000102e       0x34 ./Core/Src/app.o
 .debug_macro   0x00001062      0x189 ./Core/Src/app.o
 .debug_macro   0x000011eb       0x16 ./Core/Src/app.o
 .debug_macro   0x00001201       0x43 ./Core/Src/app.o
 .debug_macro   0x00001244       0x57 ./Core/Src/app.o
 .debug_macro   0x0000129b       0x34 ./Core/Src/app.o
 .debug_macro   0x000012cf       0x10 ./Core/Src/app.o
 .debug_macro   0x000012df       0x58 ./Core/Src/app.o
 .debug_macro   0x00001337       0x8e ./Core/Src/app.o
 .debug_macro   0x000013c5       0x1c ./Core/Src/app.o
 .debug_macro   0x000013e1      0x177 ./Core/Src/app.o
 .debug_macro   0x00001558      0x369 ./Core/Src/app.o
 .debug_macro   0x000018c1       0x10 ./Core/Src/app.o
 .debug_macro   0x000018d1       0x35 ./Core/Src/app.o
 .debug_macro   0x00001906       0x20 ./Core/Src/app.o
 .debug_macro   0x00001926      0x2ad ./Core/Src/app.o
 .debug_macro   0x00001bd3       0x2e ./Core/Src/app.o
 .debug_macro   0x00001c01       0x28 ./Core/Src/app.o
 .debug_macro   0x00001c29      0x103 ./Core/Src/app.o
 .debug_macro   0x00001d2c       0x6a ./Core/Src/app.o
 .debug_macro   0x00001d96      0x1df ./Core/Src/app.o
 .debug_macro   0x00001f75       0x1c ./Core/Src/app.o
 .debug_macro   0x00001f91       0x22 ./Core/Src/app.o
 .debug_macro   0x00001fb3       0xfb ./Core/Src/app.o
 .debug_macro   0x000020ae     0x1011 ./Core/Src/app.o
 .debug_macro   0x000030bf      0x11f ./Core/Src/app.o
 .debug_macro   0x000031de     0xb953 ./Core/Src/app.o
 .debug_macro   0x0000eb31       0x6d ./Core/Src/app.o
 .debug_macro   0x0000eb9e     0x369a ./Core/Src/app.o
 .debug_macro   0x00012238       0x56 ./Core/Src/app.o
 .debug_macro   0x0001228e      0x45c ./Core/Src/app.o
 .debug_macro   0x000126ea      0x9e9 ./Core/Src/app.o
 .debug_macro   0x000130d3      0x115 ./Core/Src/app.o
 .debug_macro   0x000131e8      0x11b ./Core/Src/app.o
 .debug_macro   0x00013303       0xa5 ./Core/Src/app.o
 .debug_macro   0x000133a8      0x15f ./Core/Src/app.o
 .debug_macro   0x00013507      0x287 ./Core/Src/app.o
 .debug_macro   0x0001378e       0x5f ./Core/Src/app.o
 .debug_macro   0x000137ed      0x236 ./Core/Src/app.o
 .debug_macro   0x00013a23      0x132 ./Core/Src/app.o
 .debug_macro   0x00013b55      0x264 ./Core/Src/app.o
 .debug_macro   0x00013db9       0x2e ./Core/Src/app.o
 .debug_macro   0x00013de7      0x1b5 ./Core/Src/app.o
 .debug_macro   0x00013f9c       0x22 ./Core/Src/app.o
 .debug_macro   0x00013fbe       0xd6 ./Core/Src/app.o
 .debug_macro   0x00014094       0x78 ./Core/Src/app.o
 .debug_macro   0x0001410c      0x127 ./Core/Src/app.o
 .debug_macro   0x00014233       0x85 ./Core/Src/app.o
 .debug_macro   0x000142b8       0x89 ./Core/Src/app.o
 .debug_macro   0x00014341      0x305 ./Core/Src/app.o
 .debug_macro   0x00014646      0x429 ./Core/Src/app.o
 .debug_macro   0x00014a6f       0xeb ./Core/Src/app.o
 .debug_macro   0x00014b5a      0x225 ./Core/Src/app.o
 .debug_macro   0x00014d7f      0x2aa ./Core/Src/app.o
 .debug_macro   0x00015029      0x126 ./Core/Src/app.o
 .debug_macro   0x0001514f       0x58 ./Core/Src/app.o
 .debug_macro   0x000151a7       0x1c ./Core/Src/app.o
 .debug_macro   0x000151c3       0x10 ./Core/Src/app.o
 .debug_macro   0x000151d3       0x1c ./Core/Src/app.o
 .debug_macro   0x000151ef       0x16 ./Core/Src/app.o
 .debug_macro   0x00015205      0x146 ./Core/Src/app.o
 .debug_macro   0x0001534b       0xe5 ./Core/Src/app.o
 .debug_macro   0x00015430       0x16 ./Core/Src/app.o
 .debug_macro   0x00015446       0x16 ./Core/Src/app.o
 .debug_macro   0x0001545c       0x29 ./Core/Src/app.o
 .debug_macro   0x00015485       0x12 ./Core/Src/app.o
 .debug_macro   0x00015497       0xdb ./Core/Src/app.o
 .debug_macro   0x00015572       0x8e ./Core/Src/app.o
 .debug_macro   0x00015600       0x28 ./Core/Src/app.o
 .debug_macro   0x00015628       0x82 ./Core/Src/app.o
 .debug_macro   0x000156aa      0x423 ./Core/Src/fatfs_sd.o
 .debug_macro   0x00015acd       0x8e ./Core/Src/fatfs_sd.o
 .debug_macro   0x00015b5b       0x51 ./Core/Src/fatfs_sd.o
 .debug_macro   0x00015bac       0x5c ./Core/Src/fatfs_sd.o
 .debug_macro   0x00015c08       0x16 ./Core/Src/fatfs_sd.o
 .debug_macro   0x00015c1e       0x7c ./Core/Src/fatfs_sd.o
 .debug_macro   0x00015c9a       0x61 ./Core/Src/fatfs_sd.o
 .debug_macro   0x00015cfb       0xeb ./Core/Src/fatfs_sd.o
 .debug_macro   0x00015de6      0x219 ./Core/Src/i2c-lcd.o
 .debug_macro   0x00015fff      0x400 ./Core/Src/keys.o
 .debug_macro   0x000163ff      0x3fc ./Core/Src/main.o
 .debug_macro   0x000167fb       0xe2 ./Core/Src/main.o
 .debug_macro   0x000168dd       0x16 ./Core/Src/main.o
 .debug_macro   0x000168f3      0x2f5 ./Core/Src/rtc.o
 .debug_macro   0x00016be8       0x16 ./Core/Src/rtc.o
 .debug_macro   0x00016bfe       0x16 ./Core/Src/rtc.o
 .debug_macro   0x00016c14      0x402 ./Core/Src/sdcard.o
 .debug_macro   0x00017016      0x20f ./Core/Src/stm32f4xx_hal_msp.o
 .debug_macro   0x00017225      0x219 ./Core/Src/stm32f4xx_it.o
 .debug_macro   0x0001743e       0xff ./Core/Src/sysmem.o
 .debug_macro   0x0001753d      0x23c ./Core/Src/sysmem.o
 .debug_macro   0x00017779      0x200 ./Core/Src/system_stm32f4xx.o
 .debug_macro   0x00017979      0x260 ./Drivers/STM32F4xx_HAL_Driver/Src/stm32f4xx_hal.o
 .debug_macro   0x00017bd9      0x200 ./Drivers/STM32F4xx_HAL_Driver/Src/stm32f4xx_hal_cortex.o
 .debug_macro   0x00017dd9      0x206 ./Drivers/STM32F4xx_HAL_Driver/Src/stm32f4xx_hal_dma.o
 .debug_macro   0x00017fdf      0x206 ./Drivers/STM32F4xx_HAL_Driver/Src/stm32f4xx_hal_gpio.o
 .debug_macro   0x000181e5      0x24e ./Drivers/STM32F4xx_HAL_Driver/Src/stm32f4xx_hal_i2c.o
 .debug_macro   0x00018433      0x20c ./Drivers/STM32F4xx_HAL_Driver/Src/stm32f4xx_hal_iwdg.o
 .debug_macro   0x0001863f      0x218 ./Drivers/STM32F4xx_HAL_Driver/Src/stm32f4xx_hal_pwr.o
 .debug_macro   0x00018857      0x224 ./Drivers/STM32F4xx_HAL_Driver/Src/stm32f4xx_hal_rcc.o
 .debug_macro   0x00018a7b      0x200 ./Drivers/STM32F4xx_HAL_Driver/Src/stm32f4xx_hal_rcc_ex.o
 .debug_macro   0x00018c7b      0x201 ./Drivers/STM32F4xx_HAL_Driver/Src/stm32f4xx_hal_rtc.o
 .debug_macro   0x00018e7c      0x200 ./Drivers/STM32F4xx_HAL_Driver/Src/stm32f4xx_hal_rtc_ex.o
 .debug_macro   0x0001907c      0x20f ./Drivers/STM32F4xx_HAL_Driver/Src/stm32f4xx_hal_spi.o
 .debug_macro   0x0001928b      0x201 ./Drivers/STM32F4xx_HAL_Driver/Src/stm32f4xx_hal_uart.o
 .debug_macro   0x0001948c      0x334 ./FATFS/App/fatfs.o
 .debug_macro   0x000197c0      0x3e8 ./FATFS/Target/user_diskio.o
 .debug_macro   0x00019ba8      0x321 ./Middlewares/Third_Party/FatFs/src/diskio.o
 .debug_macro   0x00019ec9      0x72f ./Middlewares/Third_Party/FatFs/src/ff.o
 .debug_macro   0x0001a5f8       0x58 ./Middlewares/Third_Party/FatFs/src/ff.o
 .debug_macro   0x0001a650      0x321 ./Middlewares/Third_Party/FatFs/src/ff_gen_drv.o
 .debug_macro   0x0001a971      0x30f ./Middlewares/Third_Party/FatFs/src/option/ccsbcs.o

.debug_line     0x00000000    0x1ec63
 .debug_line    0x00000000      0xb17 ./Core/Src/app.o
 .debug_line    0x00000b17     0x1107 ./Core/Src/fatfs_sd.o
 .debug_line    0x00001c1e      0x893 ./Core/Src/i2c-lcd.o
 .debug_line    0x000024b1      0xd0d ./Core/Src/keys.o
 .debug_line    0x000031be      0xc0a ./Core/Src/main.o
 .debug_line    0x00003dc8      0xa02 ./Core/Src/rtc.o
 .debug_line    0x000047ca      0xb6f ./Core/Src/sdcard.o
 .debug_line    0x00005339      0x8e5 ./Core/Src/stm32f4xx_hal_msp.o
 .debug_line    0x00005c1e      0x8bd ./Core/Src/stm32f4xx_it.o
 .debug_line    0x000064db      0x583 ./Core/Src/sysmem.o
 .debug_line    0x00006a5e      0x833 ./Core/Src/system_stm32f4xx.o
 .debug_line    0x00007291       0x7a ./Core/Startup/startup_stm32f411ceux.o
 .debug_line    0x0000730b      0xa9c ./Drivers/STM32F4xx_HAL_Driver/Src/stm32f4xx_hal.o