../Core/Src/stm32f4xx_hal_msp.c:63:6:HAL_MspInit	8	static
../Core/Src/stm32f4xx_hal_msp.c:86:6:HAL_I2C_MspInit	48	static
../Core/Src/stm32f4xx_hal_msp.c:122:6:HAL_I2C_MspDeInit	8	static
../Core/Src/stm32f4xx_hal_msp.c:153:6:HAL_RTC_MspInit	32	static
../Core/Src/stm32f4xx_hal_msp.c:186:6:HAL_RTC_MspDeInit	0	static
../Core/Src/stm32f4xx_hal_msp.c:208:6:HAL_SPI_MspInit	40	static
../Core/Src/stm32f4xx_hal_msp.c:245:6:HAL_SPI_MspDeInit	0	static
../Core/Src/stm32f4xx_hal_msp.c:275:6:HAL_UART_MspInit	40	static
../Core/Src/stm32f4xx_hal_msp.c:314:6:HAL_UART_MspDeInit	8	static
